Loading weights:   0%|          | 0/292 [00:00<?, ?it/s]Loading weights: 100%|██████████| 292/292 [00:00<00:00, 34660.73it/s]
JacobianLens(d_model=1024, n_prompts=100, source_layers=[0..22] (23 layers))
censused D08_math
censused A08_linguistics
censused B08_editorial
censused C08_boy_girl
censused F08_mild
censused G08_period
censused E09_mixed
censused D09_units
censused A09_code
censused B09_sports
censused C09_run
censused F09_slur_adjacent
censused G09_space
censused E10_crypto
censused D10_isotopes
censused A10_sql
censused B10_weather
censused C10_spot
censused F10_exasperation
censused G10_newline
censused A11_ml
censused B11_alone
censused C11_genesis
censused G11_aaa
censused A12_systems
censused B12_fear
censused C12_beatitudes
censused G12_the_the
censused A13_networking
censused B13_joy
censused C13_psalm
censused G13_buffalo
censused A14_kant
censused B14_anger
censused C14_commandment
censused G14_nursery_acad
censused A15_sartre
censused B15_casual
censused C15_fox_hen
censused G15_bible_code
censused A16_wittgenstein
censused B16_gossip
censused C16_ant_dove
censused G16_nursery_vulgar
censused A17_marx
censused B17_argument
censused C17_tortoise
censused G17_formal_slang
censused A18_gothic
censused B18_advice
multihop carnival-ocean
multihop amazon-language
multihop mars-color
multihop spider-legs
multihop basketball-players
multihop paper-continent
multihop christmas-season
multihop osu-rival-mascot
multihop topeka-west
multihop atomic-79-symbol
multihop atomic-26-symbol
multihop atomic-29-symbol
multihop atomic-80-state
multihop atomic-29-flame
multihop planet-3-moons
multihop month-3-godof
multihop spaceneedle-border
multihop rhyme-rain-neighbor
multihop rhyme-door-doubled
multihop rhyme-chair-flag
multihop rhyme-spoon-orbit
multihop etym-wargod-month
multihop etym-frigg-position
multihop etym-saturn-position
multihop chem-photosynthesis-Z
multihop chem-atmosphere-Z
multihop chem-organic-Z
multihop chem-bones-Z
multihop func-pumps-chambers
multihop func-filters-count
multihop birthstone-emerald-month
multihop violin-strings
multihop nhop-primary-planet
multihop nhop-rings-planet
multihop nhop-guitar-planet
multihop nhop-compass-planet
multihop nhop-volleyball-planet
multihop nhop-alphabet-element
multihop nhop-fortnight-element
multihop nhop-cube-element
multihop nhop-rainbow-element
multihop nhop-spider-element
multihop nhop-insect-element
multihop nhop-week-element
multihop super-largest-country-capital
multihop super-smallest-continent
multihop super-populous-capital
multihop super-largest-island-nation
multihop colosseum-currency
multihop greatwall-ocean
multihop holiday-independence-monthnum
multihop holiday-christmas-monthnum
multihop holiday-halloween-monthnum
multihop holiday-valentines-monthnum
multihop month-1-godof
multihop etym-janus-monthnum
multihop month-7-namedafter
multihop etym-caesar-monthnum
multihop nhop-soccer-element
multihop nhop-chess-element
multihop nhop-suit-element
multihop nhop-clock-element
multihop nhop-deck-element
multihop inv-sunrise-opposite
multihop inv-balloon-opposite
multihop inv-roots-opposite
multihop inv-antarctica-opposite
multihop rhyme-tree-squared
multihop rhyme-hive-plusone
multihop rhyme-fix-halved
multihop rhyme-shoe-doubled
multihop tajmahal-continent
multihop louvre-language
multihop firstletter-halloween-month
multihop firstletter-valentines-month
multihop firstletter-populous-country
multihop firstletter-paris-country
multihop firstletter-greatwall-country
multihop succ-halloween-nextmonth
multihop pred-valentines-prevmonth
multihop dual-stars-visible-opposite
multihop dual-photosynthesis-opposite
multihop roman-rings-olympic
multihop roman-states-us
multihop half-clock-hours
multihop double-dice-faces
multihop letterpos-water-symbol
multihop letterpos-oxygen-symbol
multihop letterpos-carbon-symbol
multihop letterpos-nitrogen-symbol
multihop dbl-armistice-antonym
multihop dbl-obituary-antonym
multihop dbl-altitude-antonym
band: None
