Loading weights:   0%|          | 0/292 [00:00<?, ?it/s]Loading weights: 100%|██████████| 292/292 [00:00<00:00, 12956.34it/s]
[  1m45s +105.60s] fit: n_layers=24 d_model=1024, fitting 23 source layers (target=L23) on 100 prompts
[  6m25s +279.41s]   prompt 1/100  seq_len=128 n_valid=111  279s  max||J||/sqrt(d)=1.326  max_d_mean=nan
[ 11m00s +275.50s]   prompt 2/100  seq_len=128 n_valid=111  275s  max||J||/sqrt(d)=1.496  max_d_mean=5.76e-01
[ 15m40s +279.91s]   prompt 3/100  seq_len=128 n_valid=111  280s  max||J||/sqrt(d)=1.575  max_d_mean=3.38e-01
[ 20m08s +267.95s]   prompt 4/100  seq_len=128 n_valid=111  268s  max||J||/sqrt(d)=1.323  max_d_mean=2.28e-01
[ 24m42s +273.98s]   prompt 5/100  seq_len=128 n_valid=111  274s  max||J||/sqrt(d)=1.363  max_d_mean=2.16e-01
[ 28m57s +255.30s]   prompt 6/100  seq_len=128 n_valid=111  255s  max||J||/sqrt(d)=1.475  max_d_mean=2.28e-01
[ 33m15s +258.34s]   prompt 7/100  seq_len=128 n_valid=111  258s  max||J||/sqrt(d)=1.320  max_d_mean=1.24e-01
[ 37m30s +254.24s]   prompt 8/100  seq_len=128 n_valid=111  254s  max||J||/sqrt(d)=1.512  max_d_mean=1.43e-01
[ 41m51s +261.51s]   prompt 9/100  seq_len=128 n_valid=111  261s  max||J||/sqrt(d)=1.481  max_d_mean=2.02e-01
[ 46m08s +256.72s]   prompt 10/100  seq_len=128 n_valid=111  257s  max||J||/sqrt(d)=1.347  max_d_mean=1.47e-01
[ 50m19s +250.61s]   prompt 11/100  seq_len=128 n_valid=111  250s  max||J||/sqrt(d)=1.298  max_d_mean=7.97e-02
[ 54m30s +251.79s]   prompt 12/100  seq_len=128 n_valid=111  252s  max||J||/sqrt(d)=1.391  max_d_mean=8.57e-02
[ 58m45s +254.41s]   prompt 13/100  seq_len=128 n_valid=111  254s  max||J||/sqrt(d)=1.284  max_d_mean=8.45e-02
[  1h02m +250.61s]   prompt 14/100  seq_len=128 n_valid=111  250s  max||J||/sqrt(d)=1.334  max_d_mean=8.32e-02
[  1h07m +249.05s]   prompt 15/100  seq_len=128 n_valid=111  249s  max||J||/sqrt(d)=1.300  max_d_mean=8.23e-02
[  1h11m +252.71s]   prompt 16/100  seq_len=128 n_valid=111  253s  max||J||/sqrt(d)=1.323  max_d_mean=7.16e-02
[  1h15m +253.36s]   prompt 17/100  seq_len=128 n_valid=111  253s  max||J||/sqrt(d)=1.330  max_d_mean=6.97e-02
[  1h19m +241.81s]   prompt 18/100  seq_len=128 n_valid=111  242s  max||J||/sqrt(d)=1.413  max_d_mean=7.55e-02
[  1h23m +249.05s]   prompt 19/100  seq_len=128 n_valid=111  249s  max||J||/sqrt(d)=1.448  max_d_mean=8.09e-02
[  1h27m +251.46s]   prompt 20/100  seq_len=128 n_valid=111  251s  max||J||/sqrt(d)=1.460  max_d_mean=6.76e-02
[  1h32m +251.43s]   prompt 21/100  seq_len=128 n_valid=111  251s  max||J||/sqrt(d)=1.343  max_d_mean=5.98e-02
[  1h36m +252.04s]   prompt 22/100  seq_len=128 n_valid=111  252s  max||J||/sqrt(d)=1.423  max_d_mean=5.35e-02
[  1h40m +253.92s]   prompt 23/100  seq_len=128 n_valid=111  254s  max||J||/sqrt(d)=1.426  max_d_mean=8.49e-02
[  1h44m +249.27s]   prompt 24/100  seq_len=128 n_valid=111  249s  max||J||/sqrt(d)=1.389  max_d_mean=5.03e-02
[  1h48m +248.17s]   prompt 25/100  seq_len=128 n_valid=111  248s  max||J||/sqrt(d)=1.385  max_d_mean=5.57e-02
[  1h52m +250.31s]   prompt 26/100  seq_len=128 n_valid=111  250s  max||J||/sqrt(d)=1.383  max_d_mean=3.67e-02
[  1h57m +248.77s]   prompt 27/100  seq_len=128 n_valid=111  249s  max||J||/sqrt(d)=1.326  max_d_mean=4.15e-02
[  2h01m +251.75s]   prompt 28/100  seq_len=128 n_valid=111  251s  max||J||/sqrt(d)=1.435  max_d_mean=4.56e-02
[  2h05m +250.94s]   prompt 29/100  seq_len=128 n_valid=111  251s  max||J||/sqrt(d)=1.339  max_d_mean=3.40e-02
[  2h09m +232.78s]   prompt 30/100  seq_len=117 n_valid=100  233s  max||J||/sqrt(d)=1.311  max_d_mean=2.95e-02
[  2h13m +250.33s]   prompt 31/100  seq_len=128 n_valid=111  250s  max||J||/sqrt(d)=1.420  max_d_mean=3.24e-02
[  2h17m +256.04s]   prompt 32/100  seq_len=128 n_valid=111  256s  max||J||/sqrt(d)=1.382  max_d_mean=3.17e-02
[  2h22m +255.47s]   prompt 33/100  seq_len=128 n_valid=111  255s  max||J||/sqrt(d)=1.323  max_d_mean=2.94e-02
[  2h26m +248.39s]   prompt 34/100  seq_len=128 n_valid=111  248s  max||J||/sqrt(d)=1.431  max_d_mean=3.22e-02
[  2h30m +245.78s]   prompt 35/100  seq_len=128 n_valid=111  246s  max||J||/sqrt(d)=1.351  max_d_mean=3.09e-02
[  2h34m +254.87s]   prompt 36/100  seq_len=128 n_valid=111  255s  max||J||/sqrt(d)=1.416  max_d_mean=3.82e-02
[  2h38m +250.76s]   prompt 37/100  seq_len=128 n_valid=111  251s  max||J||/sqrt(d)=1.415  max_d_mean=3.27e-02
[  2h42m +252.50s]   prompt 38/100  seq_len=128 n_valid=111  252s  max||J||/sqrt(d)=1.395  max_d_mean=4.40e-02
[  2h47m +248.92s]   prompt 39/100  seq_len=128 n_valid=111  249s  max||J||/sqrt(d)=1.268  max_d_mean=2.92e-02
[  2h51m +249.84s]   prompt 40/100  seq_len=128 n_valid=111  250s  max||J||/sqrt(d)=1.318  max_d_mean=2.79e-02
[  2h55m +249.13s]   prompt 41/100  seq_len=128 n_valid=111  249s  max||J||/sqrt(d)=1.372  max_d_mean=4.04e-02
[  2h59m +248.29s]   prompt 42/100  seq_len=128 n_valid=111  248s  max||J||/sqrt(d)=1.522  max_d_mean=4.12e-02
[  3h03m +247.60s]   prompt 43/100  seq_len=128 n_valid=111  247s  max||J||/sqrt(d)=1.448  max_d_mean=3.18e-02
[  3h07m +252.67s]   prompt 44/100  seq_len=128 n_valid=111  253s  max||J||/sqrt(d)=1.269  max_d_mean=2.16e-02
[  3h12m +252.73s]   prompt 45/100  seq_len=128 n_valid=111  252s  max||J||/sqrt(d)=1.358  max_d_mean=2.47e-02
[  3h16m +246.33s]   prompt 46/100  seq_len=125 n_valid=108  246s  max||J||/sqrt(d)=1.305  max_d_mean=2.21e-02
[  3h20m +250.03s]   prompt 47/100  seq_len=128 n_valid=111  250s  max||J||/sqrt(d)=1.310  max_d_mean=2.31e-02
[  3h24m +253.19s]   prompt 48/100  seq_len=128 n_valid=111  253s  max||J||/sqrt(d)=1.342  max_d_mean=2.71e-02
[  3h28m +254.92s]   prompt 49/100  seq_len=128 n_valid=111  255s  max||J||/sqrt(d)=1.309  max_d_mean=2.16e-02
[  3h33m +251.65s]   prompt 50/100  seq_len=128 n_valid=111  252s  max||J||/sqrt(d)=1.341  max_d_mean=2.05e-02
[  3h37m +259.60s]   prompt 51/100  seq_len=128 n_valid=111  259s  max||J||/sqrt(d)=1.377  max_d_mean=1.93e-02
[  3h41m +255.87s]   prompt 52/100  seq_len=128 n_valid=111  256s  max||J||/sqrt(d)=1.318  max_d_mean=2.04e-02
[  3h45m +252.68s]   prompt 53/100  seq_len=128 n_valid=111  253s  max||J||/sqrt(d)=1.377  max_d_mean=2.45e-02
[  3h50m +257.01s]   prompt 54/100  seq_len=128 n_valid=111  257s  max||J||/sqrt(d)=1.296  max_d_mean=1.60e-02
[  3h54m +255.22s]   prompt 55/100  seq_len=128 n_valid=111  255s  max||J||/sqrt(d)=1.360  max_d_mean=2.17e-02
[  3h58m +257.02s]   prompt 56/100  seq_len=128 n_valid=111  257s  max||J||/sqrt(d)=1.349  max_d_mean=1.83e-02
[  4h02m +250.01s]   prompt 57/100  seq_len=128 n_valid=111  250s  max||J||/sqrt(d)=1.357  max_d_mean=2.68e-02
[  4h07m +263.03s]   prompt 58/100  seq_len=128 n_valid=111  263s  max||J||/sqrt(d)=1.305  max_d_mean=1.78e-02
[  4h11m +261.04s]   prompt 59/100  seq_len=128 n_valid=111  261s  max||J||/sqrt(d)=1.267  max_d_mean=1.63e-02
[  4h15m +258.81s]   prompt 60/100  seq_len=128 n_valid=111  259s  max||J||/sqrt(d)=1.311  max_d_mean=1.65e-02
[  4h20m +261.35s]   prompt 61/100  seq_len=128 n_valid=111  261s  max||J||/sqrt(d)=1.342  max_d_mean=1.88e-02
[  4h24m +259.19s]   prompt 62/100  seq_len=128 n_valid=111  259s  max||J||/sqrt(d)=1.379  max_d_mean=2.50e-02
[  4h28m +255.29s]   prompt 63/100  seq_len=128 n_valid=111  255s  max||J||/sqrt(d)=1.469  max_d_mean=2.07e-02
[  4h33m +261.28s]   prompt 64/100  seq_len=128 n_valid=111  261s  max||J||/sqrt(d)=1.331  max_d_mean=1.71e-02
[  4h37m +261.48s]   prompt 65/100  seq_len=128 n_valid=111  261s  max||J||/sqrt(d)=1.456  max_d_mean=2.45e-02
[  4h42m +271.98s]   prompt 66/100  seq_len=128 n_valid=111  272s  max||J||/sqrt(d)=1.412  max_d_mean=1.97e-02
[  4h46m +265.20s]   prompt 67/100  seq_len=128 n_valid=111  265s  max||J||/sqrt(d)=1.328  max_d_mean=1.77e-02
[  4h50m +267.92s]   prompt 68/100  seq_len=128 n_valid=111  268s  max||J||/sqrt(d)=1.381  max_d_mean=1.58e-02
[  4h55m +266.15s]   prompt 69/100  seq_len=128 n_valid=111  266s  max||J||/sqrt(d)=1.504  max_d_mean=2.31e-02
[  4h59m +261.90s]   prompt 70/100  seq_len=128 n_valid=111  262s  max||J||/sqrt(d)=1.474  max_d_mean=2.89e-02
[  5h04m +259.96s]   prompt 71/100  seq_len=128 n_valid=111  260s  max||J||/sqrt(d)=1.731  max_d_mean=3.09e-02
[  5h08m +261.94s]   prompt 72/100  seq_len=128 n_valid=111  262s  max||J||/sqrt(d)=1.344  max_d_mean=2.35e-02
[  5h12m +264.22s]   prompt 73/100  seq_len=128 n_valid=111  264s  max||J||/sqrt(d)=1.350  max_d_mean=1.46e-02
[  5h17m +257.82s]   prompt 74/100  seq_len=128 n_valid=111  257s  max||J||/sqrt(d)=1.339  max_d_mean=1.52e-02
[  5h21m +263.63s]   prompt 75/100  seq_len=128 n_valid=111  263s  max||J||/sqrt(d)=1.374  max_d_mean=2.05e-02
[  5h25m +257.78s]   prompt 76/100  seq_len=128 n_valid=111  258s  max||J||/sqrt(d)=1.496  max_d_mean=1.99e-02
[  5h30m +257.48s]   prompt 77/100  seq_len=128 n_valid=111  257s  max||J||/sqrt(d)=1.455  max_d_mean=2.10e-02
[  5h34m +260.76s]   prompt 78/100  seq_len=128 n_valid=111  261s  max||J||/sqrt(d)=1.380  max_d_mean=1.30e-02
[  5h38m +266.80s]   prompt 79/100  seq_len=128 n_valid=111  267s  max||J||/sqrt(d)=1.428  max_d_mean=1.88e-02
[  5h43m +266.53s]   prompt 80/100  seq_len=128 n_valid=111  266s  max||J||/sqrt(d)=1.404  max_d_mean=1.83e-02
[  5h47m +273.76s]   prompt 81/100  seq_len=128 n_valid=111  273s  max||J||/sqrt(d)=1.442  max_d_mean=1.96e-02
[  5h52m +269.24s]   prompt 82/100  seq_len=128 n_valid=111  269s  max||J||/sqrt(d)=1.413  max_d_mean=1.54e-02
[  5h56m +265.64s]   prompt 83/100  seq_len=128 n_valid=111  266s  max||J||/sqrt(d)=1.433  max_d_mean=1.44e-02
[  6h01m +257.76s]   prompt 84/100  seq_len=128 n_valid=111  257s  max||J||/sqrt(d)=1.386  max_d_mean=1.46e-02
[  6h05m +255.99s]   prompt 85/100  seq_len=128 n_valid=111  256s  max||J||/sqrt(d)=1.368  max_d_mean=1.38e-02
[  6h09m +250.96s]   prompt 86/100  seq_len=128 n_valid=111  251s  max||J||/sqrt(d)=1.318  max_d_mean=1.12e-02
[  6h13m +242.51s]   prompt 87/100  seq_len=128 n_valid=111  242s  max||J||/sqrt(d)=1.259  max_d_mean=1.23e-02
[  6h17m +238.99s]   prompt 88/100  seq_len=128 n_valid=111  239s  max||J||/sqrt(d)=1.970  max_d_mean=3.56e-02
[  6h21m +238.08s]   prompt 89/100  seq_len=128 n_valid=111  238s  max||J||/sqrt(d)=1.267  max_d_mean=1.02e-02
[  6h25m +239.75s]   prompt 90/100  seq_len=128 n_valid=111  240s  max||J||/sqrt(d)=1.215  max_d_mean=1.03e-02
[  6h29m +245.78s]   prompt 91/100  seq_len=128 n_valid=111  246s  max||J||/sqrt(d)=1.281  max_d_mean=1.25e-02
[  6h33m +254.52s]   prompt 92/100  seq_len=128 n_valid=111  254s  max||J||/sqrt(d)=1.264  max_d_mean=1.02e-02
[  6h38m +256.44s]   prompt 93/100  seq_len=128 n_valid=111  256s  max||J||/sqrt(d)=1.302  max_d_mean=1.09e-02
[  6h42m +246.52s]   prompt 94/100  seq_len=128 n_valid=111  246s  max||J||/sqrt(d)=1.393  max_d_mean=1.83e-02
[  6h46m +238.47s]   prompt 95/100  seq_len=128 n_valid=111  238s  max||J||/sqrt(d)=1.289  max_d_mean=1.05e-02
[  6h50m +238.47s]   prompt 96/100  seq_len=128 n_valid=111  238s  max||J||/sqrt(d)=1.343  max_d_mean=1.12e-02
[  6h54m +237.80s]   prompt 97/100  seq_len=128 n_valid=111  238s  max||J||/sqrt(d)=1.367  max_d_mean=1.44e-02
[  6h58m +235.76s]   prompt 98/100  seq_len=128 n_valid=111  236s  max||J||/sqrt(d)=1.334  max_d_mean=1.10e-02
[  7h02m +235.55s]   prompt 99/100  seq_len=128 n_valid=111  235s  max||J||/sqrt(d)=1.290  max_d_mean=1.24e-02
[  7h06m +238.09s]   prompt 100/100  seq_len=128 n_valid=111  238s  max||J||/sqrt(d)=1.292  max_d_mean=9.15e-03
[  7h06m +  0.41s] fit: done, 100 prompts
DONE n=100 dim_batch=8 wall=25456s -> /home/user/ATR_research/_STAGE2_JSPACE/artifacts/jlens_gpt2_medium_100.pt
JacobianLens(d_model=1024, n_prompts=100, source_layers=[0..22] (23 layers))
