== median J-space share by layer (lens arm) ==
family                            L0      L1      L2      L3      L4      L5      L6      L7      L8      L9      L10     L11     
lang                              0.0313  0.0448  0.0260  0.0160  0.0154  0.0217  0.0152  0.0204  0.0137  0.0153  0.0145  0.0899  
noise17                           0.0320  0.0459  0.0284  0.0173  0.0164  0.0224  0.0150  0.0202  0.0166  0.0168  0.0174  0.0922  
nullold                           0.0723  0.0680  0.0248  0.0143  0.0110  0.0108  0.0078  0.0127  0.0176  0.0223  0.0353  0.0078  
clean_last                        0.0257  0.0422  0.0358  0.0306  0.0245  0.0243  0.0214  0.0251  0.0345  0.0348  0.0157  0.1556  
clean_mean                        0.0115  0.0286  0.0048  0.0032  0.0029  0.0049  0.0024  0.0054  0.0109  0.0175  0.0246  0.1626  
rotation control (pooled)/lang    0.0145  0.0183  0.0208  0.0164  0.0118  0.0135  0.0135  0.0139  0.0136  0.0132  0.0149  0.0482  
rotation control (pooled)/noise17 0.0140  0.0188  0.0210  0.0173  0.0128  0.0135  0.0135  0.0135  0.0138  0.0136  0.0168  0.0470  
rotation control (pooled)/clean_last0.0165  0.0203  0.0236  0.0206  0.0181  0.0163  0.0151  0.0144  0.0121  0.0115  0.0141  0.0424  
rotation control (pooled)/nullold 0.0189  0.0190  0.0233  0.0207  0.0157  0.0110  0.0112  0.0150  0.0134  0.0116  0.0115  0.0531  
gaussian control (pooled)/lang    0.3688  0.3693  0.3703  0.3705  0.3735  0.3712  0.3694  0.3727  0.3739  0.3750  0.3721  0.3690  
gaussian control (pooled)/noise17 0.3683  0.3674  0.3704  0.3722  0.3725  0.3721  0.3716  0.3730  0.3735  0.3735  0.3722  0.3669  
gaussian control (pooled)/clean_last0.3702  0.3700  0.3712  0.3709  0.3713  0.3700  0.3702  0.3706  0.3709  0.3709  0.3729  0.3770  
gaussian control (pooled)/nullold 0.3702  0.3738  0.3733  0.3725  0.3746  0.3759  0.3766  0.3748  0.3754  0.3741  0.3724  0.3676  

== median atoms selected (lens arm) ==
lang                              6       7       8       5       4       4       3       3       5       6       6       5       
noise17                           9       9       8       6       4       4       4       3       5       7       7       5       
nullold                           15      17      15      9       6       5       2       4       5       6       7       13      
clean_last                        10      13      10      7       7       7       7       7       9       9       8       6       

== centred arm equals raw arm? (lens vs lens_centred, max |diff| over families/layers) ==
max absolute difference in medians: 1.200e-07

===== H6: NOT SUPPORTED =====
 representatives: {' Anarch': 'D04_equation', ' Divine': 'E02_tech', ' prolet': 'G29_palindrome', ' solidarity': 'D08_math', ' till': 'G01_punctuation'}
 layer  basin_med  null_med   p_greater  p_less   basin_gauss_ctrl  null_gauss_ctrl
     0     0.0305    0.0706     0.9999   0.0002           0.3681          0.3702
     1     0.0442    0.0718     0.9998   0.0004           0.3672          0.3713
     2     0.0254    0.0262     0.6808   0.3456           0.3715          0.3734
     3     0.0155    0.0149     0.5715   0.4569           0.3733          0.3738
     4     0.0149    0.0112     0.2016   0.8185           0.3744          0.3755
 *   5     0.0213    0.0106     0.0229   0.9813           0.3730          0.3775
 *   6     0.0149    0.0076     0.0151   0.9879           0.3701          0.3744
 *   7     0.0203    0.0120     0.0151   0.9879           0.3717          0.3733
 *   8     0.0135    0.0144     0.4856   0.5431           0.3746          0.3722
 *   9     0.0152    0.0172     0.5431   0.4856           0.3749          0.3727
 *  10     0.0145    0.0288     0.9723   0.0333           0.3748          0.3714
    11     0.0878    0.0102     0.0045   0.9966           0.3714          0.3703
 supporting layers: [5, 6, 7] refuting: [10]
 secondary all-125-vs-125: {'5': (0.0217, 0.0108, 2.242029843651684e-14), '6': (0.0152, 0.0078, 6.865163187841009e-12), '7': (0.0204, 0.0127, 5.196288201769266e-12), '8': (0.0137, 0.0176, 0.999998458139602), '9': (0.0153, 0.0223, 0.9999934685676501), '10': (0.0145, 0.0353, 0.9999999999463751)}

===== H16: NOT SUPPORTED =====
 layer  lang_med  noise_med  diff      p_lang>   lang_gauss_ctrl  lang_rot_ctrl  above_g  above_r
     0    0.0313     0.0320   -0.0007    0.8680          0.3688         0.0145  False    True
     1    0.0448     0.0459   -0.0011    0.8544          0.3693         0.0183  False    True
     2    0.0260     0.0284   -0.0023    0.9999          0.3703         0.0208  False    True
     3    0.0160     0.0173   -0.0013    0.9991          0.3705         0.0164  False    False
     4    0.0154     0.0164   -0.0011    0.9972          0.3735         0.0118  False    True
 *   5    0.0217     0.0224   -0.0006    0.9909          0.3712         0.0135  False    True
 *   6    0.0152     0.0150   +0.0002    0.1405          0.3694         0.0135  False    True
 *   7    0.0204     0.0202   +0.0002    0.2507          0.3727         0.0139  False    True
 *   8    0.0137     0.0166   -0.0029    1.0000          0.3739         0.0136  False    True
 *   9    0.0153     0.0168   -0.0015    0.9149          0.3750         0.0132  False    True
 *  10    0.0145     0.0174   -0.0029    0.9999          0.3721         0.0149  False    False
    11    0.0899     0.0922   -0.0023    0.8955          0.3690         0.0482  False    True
 supporting: [] refuting: [5, 8, 10]
 converged-only secondary: {'5': (-0.00046, 0.9698030196980302), '6': (-1e-05, 0.5653434656534346), '7': (-1e-05, 0.5109489051094891), '8': (-0.00038, 0.857014298570143), '9': (-0.00043, 0.8479152084791521), '10': (-0.00019, 0.8825117488251175)}

===== H16a: NOT SUPPORTED =====
 layer  prolet   phaseA   phaseB   pivotM   gapA      gapB      ctrl_sd   pilot_Divine
     0   0.0352   0.0250   0.0272   0.0274   +0.0102   +0.0079   0.1777   0.0082
     1   0.0485   0.0264   0.0269   0.0272   +0.0221   +0.0216   0.1781   0.0132
     2   0.0283   0.0115   0.0270   0.0195   +0.0168   +0.0013   0.1779   0.0118
     3   0.0175   0.0051   0.0154   0.0100   +0.0124   +0.0021   0.1795   0.0067
     4   0.0170   0.0042   0.0150   0.0081   +0.0128   +0.0020   0.1778   0.0067
 *   5   0.0231   0.0105   0.0214   0.0161   +0.0126   +0.0017   0.1775   0.0128
 *   6   0.0162   0.0062   0.0197   0.0101   +0.0100   -0.0034   0.1797   0.0113
 *   7   0.0213   0.0101   0.0283   0.0159   +0.0113   -0.0070   0.1810   0.0172
 *   8   0.0141   0.0153   0.0288   0.0169   -0.0012   -0.0147   0.1799   0.0189
 *   9   0.0152   0.0226   0.0322   0.0215   -0.0074   -0.0170   0.1818   0.0264
 *  10   0.0147   0.0363   0.0265   0.0243   -0.0216   -0.0118   0.1786   0.0201
    11   0.0912   0.0164   0.1516   0.0602   +0.0748   -0.0603   0.1587   0.1481
 prolet above phaseA at: [5, 6, 7]
 prolet above phaseB at: [5]

===== H16b: SUPPORTED =====
 layer  term_med  clean_med  paired_diff  p_lower  frac_pairs_lower
     0    0.0313     0.0257     +0.00507   0.9051  0.440
     1    0.0448     0.0422     -0.00185   0.3229  0.528
     2    0.0260     0.0358     -0.01481   0.0001  0.744
     3    0.0160     0.0306     -0.01898   0.0001  0.920
     4    0.0154     0.0245     -0.01267   0.0001  0.840
 *   5    0.0217     0.0243     -0.00410   0.0032  0.640
 *   6    0.0152     0.0214     -0.00719   0.0001  0.792
 *   7    0.0204     0.0251     -0.00632   0.0001  0.672
 *   8    0.0137     0.0345     -0.01891   0.0001  0.960
 *   9    0.0153     0.0348     -0.01698   0.0001  0.936
 *  10    0.0145     0.0157     +0.00137   0.9051  0.456
    11    0.0899     0.1556     -0.07483   0.0001  0.928
 supporting: [5, 6, 7, 8, 9] refuting: []
 clean_mean secondary: {'5': (0.01658, 1.0), '6': (0.01236, 1.0), '7': (0.01444, 1.0), '8': (0.00347, 1.0), '9': (-0.00136, 0.012098790120987902), '10': (-0.00849, 0.0017998200179982)}

== named states (lens) ==
convtensor_Imperative             0.0167  0.0274  0.0198  0.0137  0.0130  0.0166  0.0131  0.0173  0.0144  0.0199  0.0126  0.1331  
convtensor_Lucier                 0.0155  0.0259  0.0183  0.0127  0.0121  0.0161  0.0125  0.0168  0.0136  0.0192  0.0120  0.1315  
convtensor_Nonsense               0.0167  0.0273  0.0197  0.0137  0.0130  0.0165  0.0130  0.0173  0.0143  0.0199  0.0125  0.1331  
convtensor_Semantic               0.0170  0.0278  0.0202  0.0140  0.0132  0.0166  0.0132  0.0174  0.0145  0.0201  0.0127  0.1331  
convtensor_Syntactic              0.0082  0.0132  0.0118  0.0067  0.0067  0.0128  0.0113  0.0172  0.0189  0.0264  0.0201  0.1481  
noise1000                         0.0657  0.0615  0.0232  0.0135  0.0104  0.0108  0.0078  0.0125  0.0170  0.0212  0.0341  0.0067  
phaseA                            0.0250  0.0264  0.0115  0.0051  0.0042  0.0105  0.0062  0.0101  0.0153  0.0226  0.0363  0.0164  
phaseB                            0.0272  0.0269  0.0270  0.0154  0.0150  0.0214  0.0197  0.0283  0.0288  0.0322  0.0265  0.1516  
pivotM                            0.0274  0.0272  0.0195  0.0100  0.0081  0.0161  0.0101  0.0159  0.0169  0.0215  0.0243  0.0602  
prolet1000                        0.0352  0.0485  0.0283  0.0175  0.0170  0.0231  0.0162  0.0213  0.0141  0.0152  0.0147  0.0912  
== directions ==
d_sym_plus                        0.0001  0.0015  0.0010  0.0005  0.0013  0.0029  0.0011  0.0032  0.0084  0.0153  0.0307  0.1129  
d_sym_minus                       0.0048  0.0026  0.0017  0.0042  0.0096  0.0115  0.0115  0.0105  0.0064  0.0053  0.0152  0.1553  
