Loading gpt2-medium from local path /home/user/models/gpt2-medium (offline) ...
Loading weights:   0%|          | 0/292 [00:00<?, ?it/s]Loading weights: 100%|██████████| 292/292 [00:00<00:00, 5784.26it/s]
Loaded pretrained model gpt2-medium into HookedTransformer
Tier=full arms=['A0', 'A4', 'A1', 'A2', 'A3', 'A5'] prompts=25 max_iter=1000 check_start=100

=== Arm A0: window 0->23 ===
/home/user/ATR_research/_STAGE2_JSPACE/experiments/atr_engine2.py:74: UserWarning: Converting a tensor with requires_grad=True to a scalar may lead to unexpected behavior.
Consider using tensor.detach() first. (Triggered internally at /__w/pytorch/pytorch/torch/csrc/autograd/generated/python_variable_methods.cpp:822.)
  margin = float(top_logits[0] - top_logits[1]) if top_logits.numel() > 1 else 0.0
  [A0] E01_politics     -> 'D'            lock=120 iters=120 margin=0.52
  [A0] D01_water        -> 'D'            lock=120 iters=120 margin=0.52
  [A0] A01_physics      -> 'D'            lock=120 iters=120 margin=0.52
  [A0] B01_napoleon     -> 'D'            lock=120 iters=120 margin=0.52
  [A0] C01_jack_jill    -> 'D'            lock=120 iters=120 margin=0.52
  [A0] F01_anger        -> 'D'            lock=120 iters=120 margin=0.52
  [A0] G01_punctuation  -> 'D'            lock=120 iters=120 margin=0.52
  [A0] E02_tech         -> 'D'            lock=120 iters=120 margin=0.52
  [A0] D02_periodic     -> 'D'            lock=120 iters=120 margin=0.52
  [A0] A02_medical      -> 'D'            lock=120 iters=120 margin=0.52
  [A0] B02_wwi          -> 'D'            lock=120 iters=120 margin=0.52
  [A0] C02_king_cole    -> 'D'            lock=120 iters=120 margin=0.52
  [A0] F02_insult       -> 'D'            lock=120 iters=120 margin=0.52
  [A0] G02_brackets     -> 'D'            lock=120 iters=120 margin=0.52
  [A0] E03_orgs         -> 'D'            lock=120 iters=120 margin=0.52
  [A0] D03_organic      -> 'D'            lock=120 iters=120 margin=0.52
  [A0] A03_neuro        -> 'D'            lock=120 iters=120 margin=0.52
  [A0] B03_moon         -> 'D'            lock=120 iters=120 margin=0.52
  [A0] C03_mary_lamb    -> 'D'            lock=120 iters=120 margin=0.52
  [A0] F03_frustration  -> 'D'            lock=120 iters=120 margin=0.52
  [A0] G03_counting     -> 'D'            lock=120 iters=120 margin=0.52
  [A0] E04_internet     -> 'D'            lock=120 iters=120 margin=0.52
  [A0] D04_equation     -> 'D'            lock=120 iters=120 margin=0.52
  [A0] A04_climate      -> 'D'            lock=120 iters=120 margin=0.52
  [A0] B04_rome         -> 'D'            lock=120 iters=120 margin=0.52

=== Arm A4: window 10->21 ===
  [A4] E01_politics     -> ' forever'     lock=140 iters=140 margin=0.93
  [A4] D01_water        -> ' since'       lock=140 iters=140 margin=0.99
  [A4] A01_physics      -> ' until'       lock=140 iters=140 margin=6.91
  [A4] B01_napoleon     -> ' until'       lock=140 iters=140 margin=6.78
  [A4] C01_jack_jill    -> ' until'       lock=150 iters=150 margin=5.61
  [A4] F01_anger        -> ' until'       lock=150 iters=150 margin=4.23
  [A4] G01_punctuation  -> ' forever'     lock=140 iters=140 margin=0.57
  [A4] E02_tech         -> ' until'       lock=150 iters=150 margin=6.68
  [A4] D02_periodic     -> ' until'       lock=140 iters=140 margin=2.68
  [A4] A02_medical      -> ' until'       lock=140 iters=140 margin=7.07
  [A4] B02_wwi          -> ' forever'     lock=140 iters=140 margin=0.78
  [A4] C02_king_cole    -> ' until'       lock=150 iters=150 margin=5.46
  [A4] F02_insult       -> ' until'       lock=150 iters=150 margin=5.96
  [A4] G02_brackets     -> ' forever'     lock=140 iters=140 margin=0.25
  [A4] E03_orgs         -> ' until'       lock=150 iters=150 margin=4.83
  [A4] D03_organic      -> ' forever'     lock=130 iters=130 margin=0.79
  [A4] A03_neuro        -> ' until'       lock=140 iters=140 margin=6.34
  [A4] B03_moon         -> ' until'       lock=150 iters=150 margin=4.82
  [A4] C03_mary_lamb    -> ' until'       lock=140 iters=140 margin=7.14
  [A4] F03_frustration  -> ' until'       lock=140 iters=140 margin=7.15
  [A4] G03_counting     -> ' until'       lock=140 iters=140 margin=6.51
  [A4] E04_internet     -> ' until'       lock=140 iters=140 margin=0.32
  [A4] D04_equation     -> ' until'       lock=140 iters=140 margin=0.30
  [A4] A04_climate      -> ' until'       lock=140 iters=140 margin=7.06
  [A4] B04_rome         -> ' until'       lock=150 iters=150 margin=4.93

=== Arm A1: window 0->11 ===
  [A1] E01_politics     -> 'ing'          lock=120 iters=120 margin=1.11
  [A1] D01_water        -> ','            lock=120 iters=120 margin=0.28
  [A1] A01_physics      -> ','            lock=120 iters=120 margin=0.27
  [A1] B01_napoleon     -> ','            lock=120 iters=120 margin=0.27
  [A1] C01_jack_jill    -> ','            lock=120 iters=120 margin=0.27
  [A1] F01_anger        -> ','            lock=120 iters=120 margin=0.27
  [A1] G01_punctuation  -> ','            lock=120 iters=120 margin=0.28
  [A1] E02_tech         -> ','            lock=120 iters=120 margin=0.27
  [A1] D02_periodic     -> ','            lock=120 iters=120 margin=0.27
  [A1] A02_medical      -> ','            lock=120 iters=120 margin=0.27
  [A1] B02_wwi          -> ','            lock=120 iters=120 margin=0.28
  [A1] C02_king_cole    -> ','            lock=120 iters=120 margin=0.27
  [A1] F02_insult       -> ','            lock=120 iters=120 margin=0.27
  [A1] G02_brackets     -> ','            lock=120 iters=120 margin=0.28
  [A1] E03_orgs         -> ','            lock=120 iters=120 margin=0.27
  [A1] D03_organic      -> 'ing'          lock=120 iters=120 margin=0.37
  [A1] A03_neuro        -> ','            lock=120 iters=120 margin=0.27
  [A1] B03_moon         -> ','            lock=120 iters=120 margin=0.27
  [A1] C03_mary_lamb    -> ','            lock=120 iters=120 margin=0.27
  [A1] F03_frustration  -> ','            lock=120 iters=120 margin=0.27
  [A1] G03_counting     -> ','            lock=120 iters=120 margin=0.27
  [A1] E04_internet     -> 'ing'          lock=120 iters=120 margin=1.84
  [A1] D04_equation     -> ','            lock=120 iters=120 margin=0.28
  [A1] A04_climate      -> ','            lock=120 iters=120 margin=0.27
  [A1] B04_rome         -> ','            lock=120 iters=120 margin=0.27

=== Arm A2: window 6->17 ===
  [A2] E01_politics     -> ' "'           lock=120 iters=120 margin=0.02
  [A2] D01_water        -> ' "'           lock=120 iters=120 margin=0.10
  [A2] A01_physics      -> ' state'       lock=120 iters=120 margin=0.03
  [A2] B01_napoleon     -> ' state'       lock=120 iters=120 margin=0.03
  [A2] C01_jack_jill    -> ' state'       lock=120 iters=120 margin=0.04
  [A2] F01_anger        -> ' state'       lock=120 iters=120 margin=0.03
  [A2] G01_punctuation  -> ' "'           lock=120 iters=120 margin=0.03
  [A2] E02_tech         -> ' state'       lock=120 iters=120 margin=0.03
  [A2] D02_periodic     -> ' "'           lock=120 iters=120 margin=0.00
  [A2] A02_medical      -> ' state'       lock=120 iters=120 margin=0.01
  [A2] B02_wwi          -> ' "'           lock=120 iters=120 margin=0.02
  [A2] C02_king_cole    -> ' state'       lock=120 iters=120 margin=0.04
  [A2] F02_insult       -> ' state'       lock=120 iters=120 margin=0.04
  [A2] G02_brackets     -> ' "'           lock=120 iters=120 margin=0.04
  [A2] E03_orgs         -> ' "'           lock=120 iters=120 margin=0.00
  [A2] D03_organic      -> ' "'           lock=120 iters=120 margin=0.11
  [A2] A03_neuro        -> ' state'       lock=120 iters=120 margin=0.03
  [A2] B03_moon         -> ' state'       lock=120 iters=120 margin=0.03
  [A2] C03_mary_lamb    -> ' state'       lock=120 iters=120 margin=0.03
  [A2] F03_frustration  -> ' state'       lock=120 iters=120 margin=0.02
  [A2] G03_counting     -> ' state'       lock=120 iters=120 margin=0.02
  [A2] E04_internet     -> ' "'           lock=120 iters=120 margin=0.08
  [A2] D04_equation     -> ' "'           lock=120 iters=120 margin=0.06
  [A2] A04_climate      -> ' state'       lock=120 iters=120 margin=0.02
  [A2] B04_rome         -> ' state'       lock=120 iters=120 margin=0.04

=== Arm A3: window 12->23 ===
  [A3] E01_politics     -> '"'            lock=120 iters=120 margin=2.42
  [A3] D01_water        -> '"'            lock=120 iters=120 margin=2.90
  [A3] A01_physics      -> '"'            lock=130 iters=130 margin=2.58
  [A3] B01_napoleon     -> '"'            lock=120 iters=120 margin=2.37
  [A3] C01_jack_jill    -> '"'            lock=130 iters=130 margin=2.52
  [A3] F01_anger        -> '"'            lock=120 iters=120 margin=2.67
  [A3] G01_punctuation  -> '"'            lock=120 iters=120 margin=2.25
  [A3] E02_tech         -> '"'            lock=120 iters=120 margin=2.56
  [A3] D02_periodic     -> '"'            lock=120 iters=120 margin=2.89
  [A3] A02_medical      -> '"'            lock=130 iters=130 margin=2.22
  [A3] B02_wwi          -> '"'            lock=120 iters=120 margin=0.23
  [A3] C02_king_cole    -> '"'            lock=130 iters=130 margin=2.80
  [A3] F02_insult       -> '"'            lock=120 iters=120 margin=2.75
  [A3] G02_brackets     -> 'work'         lock=140 iters=140 margin=1.20
  [A3] E03_orgs         -> '"'            lock=120 iters=120 margin=3.23
  [A3] D03_organic      -> '"'            lock=120 iters=120 margin=2.72
  [A3] A03_neuro        -> 'work'         lock=140 iters=140 margin=0.13
  [A3] B03_moon         -> '"'            lock=140 iters=140 margin=2.63
  [A3] C03_mary_lamb    -> '"'            lock=120 iters=120 margin=2.43
  [A3] F03_frustration  -> '"'            lock=120 iters=120 margin=3.14
  [A3] G03_counting     -> '"'            lock=160 iters=160 margin=3.53
  [A3] E04_internet     -> '"'            lock=120 iters=120 margin=2.49
  [A3] D04_equation     -> '"'            lock=130 iters=130 margin=2.09
  [A3] A04_climate      -> '"'            lock=130 iters=130 margin=2.67
  [A3] B04_rome         -> '"'            lock=130 iters=130 margin=2.77

=== Arm A5: window 8->15 ===
  [A5] E01_politics     -> ' rant'        lock=120 iters=120 margin=2.12
  [A5] D01_water        -> ' rant'        lock=120 iters=120 margin=1.96
  [A5] A01_physics      -> ' rant'        lock=120 iters=120 margin=2.19
  [A5] B01_napoleon     -> ' rant'        lock=120 iters=120 margin=2.16
  [A5] C01_jack_jill    -> ' rant'        lock=120 iters=120 margin=2.25
  [A5] F01_anger        -> ' rant'        lock=120 iters=120 margin=2.17
  [A5] G01_punctuation  -> ' rant'        lock=120 iters=120 margin=2.01
  [A5] E02_tech         -> ' rant'        lock=120 iters=120 margin=2.21
  [A5] D02_periodic     -> ' rant'        lock=120 iters=120 margin=2.10
  [A5] A02_medical      -> ' rant'        lock=120 iters=120 margin=2.19
  [A5] B02_wwi          -> ' rant'        lock=120 iters=120 margin=2.06
  [A5] C02_king_cole    -> ' rant'        lock=120 iters=120 margin=2.21
  [A5] F02_insult       -> ' rant'        lock=120 iters=120 margin=2.25
  [A5] G02_brackets     -> ' rant'        lock=120 iters=120 margin=2.03
