Loading gpt2-medium from local path /home/user/models/gpt2-medium (offline) ...
Loading weights:   0%|          | 0/292 [00:00<?, ?it/s]Loading weights: 100%|██████████| 292/292 [00:00<00:00, 11258.74it/s]
Loaded pretrained model gpt2-medium into HookedTransformer
Tier=scan arms=['E22', 'E23', 'O0', 'O4', 'O6', 'O8', 'O12', 'O14'] prompts=25 max_iter=1000 check_start=100

=== Arm E22: window 10->22 ===
/home/user/ATR_research/_STAGE2_JSPACE/experiments/atr_engine2.py:68: UserWarning: Converting a tensor with requires_grad=True to a scalar may lead to unexpected behavior.
Consider using tensor.detach() first. (Triggered internally at /__w/pytorch/pytorch/torch/csrc/autograd/generated/python_variable_methods.cpp:822.)
  margin = float(top_logits[0] - top_logits[1]) if top_logits.numel() > 1 else 0.0
  [E22] E01_politics     -> '<|endoftext|>' lock=190 iters=190 margin=0.47
  [E22] D01_water        -> '<|endoftext|>' lock=220 iters=220 margin=4.37
  [E22] A01_physics      -> '<|endoftext|>' lock=280 iters=280 margin=0.69
  [E22] B01_napoleon     -> ' until'       lock=310 iters=310 margin=2.04
  [E22] C01_jack_jill    -> ' or'          lock=170 iters=170 margin=1.91
  [E22] F01_anger        -> ' honor'       lock=360 iters=360 margin=0.65
  [E22] G01_punctuation  -> ' parts'       lock=290 iters=290 margin=0.12
  [E22] E02_tech         -> '<|endoftext|>' lock=170 iters=170 margin=4.34
  [E22] D02_periodic     -> '<|endoftext|>' lock=180 iters=180 margin=2.75
  [E22] A02_medical      -> '<|endoftext|>' lock=180 iters=180 margin=1.27
  [E22] B02_wwi          -> '<|endoftext|>' lock=220 iters=220 margin=2.67
  [E22] C02_king_cole    -> '<|endoftext|>' lock=290 iters=290 margin=1.83
  [E22] F02_insult       -> ' and'         lock=240 iters=240 margin=0.58
  [E22] G02_brackets     -> '<|endoftext|>' lock=250 iters=250 margin=2.43
  [E22] E03_orgs         -> ' until'       lock=240 iters=240 margin=0.56
  [E22] D03_organic      -> ' and'         lock=340 iters=340 margin=0.25
  [E22] A03_neuro        -> ' Tak'         lock=380 iters=380 margin=0.98
  [E22] B03_moon         -> '<|endoftext|>' lock=350 iters=350 margin=1.27
  [E22] C03_mary_lamb    -> '<|endoftext|>' lock=270 iters=270 margin=3.72
  [E22] F03_frustration  -> '<|endoftext|>' lock=200 iters=200 margin=1.55
  [E22] G03_counting     -> ' until'       lock=180 iters=180 margin=3.19
  [E22] E04_internet     -> ' Tak'         lock=190 iters=190 margin=0.57
  [E22] D04_equation     -> ' and'         lock=230 iters=230 margin=0.34
  [E22] A04_climate      -> '<|endoftext|>' lock=180 iters=180 margin=1.79
  [E22] B04_rome         -> '<|endoftext|>' lock=420 iters=420 margin=3.67

=== Arm E23: window 10->23 ===
  [E23] E01_politics     -> '/'            lock=420 iters=420 margin=0.13
  [E23] D01_water        -> ' until'       lock=290 iters=290 margin=2.23
  [E23] A01_physics      -> ' in'          lock=370 iters=370 margin=0.23
  [E23] B01_napoleon     -> ' "'           lock=280 iters=280 margin=0.06
  [E23] C01_jack_jill    -> ' until'       lock=250 iters=250 margin=1.45
  [E23] F01_anger        -> ' self'        lock=120 iters=120 margin=0.31
  [E23] G01_punctuation  -> ' plate'       lock=120 iters=120 margin=0.36
  [E23] E02_tech         -> ' until'       lock=120 iters=120 margin=0.88
  [E23] D02_periodic     -> ' self'        lock=120 iters=120 margin=0.76
  [E23] A02_medical      -> ' until'       lock=120 iters=120 margin=0.30
  [E23] B02_wwi          -> ' —'           lock=210 iters=210 margin=0.96
  [E23] C02_king_cole    -> ' Uber'        lock=180 iters=180 margin=0.76
  [E23] F02_insult       -> ' self'        lock=120 iters=120 margin=0.78
  [E23] G02_brackets     -> ' self'        lock=120 iters=120 margin=0.27
  [E23] E03_orgs         -> ' self'        lock=120 iters=120 margin=0.33
  [E23] D03_organic      -> ' self'        lock=280 iters=280 margin=0.88
  [E23] A03_neuro        -> ' and'         lock=120 iters=120 margin=0.27
  [E23] B03_moon         -> ' self'        lock=280 iters=280 margin=0.66
  [E23] C03_mary_lamb    -> ' ('           lock=760 iters=760 margin=0.48
  [E23] F03_frustration  -> ' self'        lock=120 iters=120 margin=0.60
  [E23] G03_counting     -> '/'            lock=120 iters=120 margin=0.15
  [E23] E04_internet     -> ' self'        lock=120 iters=120 margin=0.77
  [E23] D04_equation     -> ' until'       lock=120 iters=120 margin=0.85
  [E23] A04_climate      -> ' self'        lock=170 iters=170 margin=0.35
  [E23] B04_rome         -> ' Uber'        lock=180 iters=180 margin=0.09

=== Arm O0: window 0->21 ===
  [O0] E01_politics     -> ','            lock=120 iters=120 margin=0.28
  [O0] D01_water        -> ','            lock=120 iters=120 margin=0.28
  [O0] A01_physics      -> ','            lock=120 iters=120 margin=0.28
  [O0] B01_napoleon     -> ','            lock=120 iters=120 margin=0.28
  [O0] C01_jack_jill    -> ','            lock=120 iters=120 margin=0.27
  [O0] F01_anger        -> ','            lock=120 iters=120 margin=0.27
  [O0] G01_punctuation  -> ','            lock=120 iters=120 margin=0.28
  [O0] E02_tech         -> ','            lock=120 iters=120 margin=0.27
  [O0] D02_periodic     -> ','            lock=120 iters=120 margin=0.28
  [O0] A02_medical      -> ','            lock=120 iters=120 margin=0.28
  [O0] B02_wwi          -> ','            lock=120 iters=120 margin=0.28
  [O0] C02_king_cole    -> ','            lock=120 iters=120 margin=0.27
  [O0] F02_insult       -> ','            lock=120 iters=120 margin=0.27
  [O0] G02_brackets     -> ','            lock=120 iters=120 margin=0.28
  [O0] E03_orgs         -> ','            lock=120 iters=120 margin=0.27
  [O0] D03_organic      -> ','            lock=120 iters=120 margin=0.28
  [O0] A03_neuro        -> ','            lock=120 iters=120 margin=0.28
  [O0] B03_moon         -> ','            lock=120 iters=120 margin=0.27
  [O0] C03_mary_lamb    -> ','            lock=120 iters=120 margin=0.28
  [O0] F03_frustration  -> ','            lock=120 iters=120 margin=0.28
  [O0] G03_counting     -> ','            lock=120 iters=120 margin=0.28
  [O0] E04_internet     -> ','            lock=120 iters=120 margin=0.28
  [O0] D04_equation     -> ','            lock=120 iters=120 margin=0.28
  [O0] A04_climate      -> ','            lock=120 iters=120 margin=0.28
  [O0] B04_rome         -> ','            lock=120 iters=120 margin=0.27

=== Arm O4: window 4->21 ===
  [O4] E01_politics     -> ','            lock=120 iters=120 margin=0.07
  [O4] D01_water        -> ','            lock=120 iters=120 margin=0.09
  [O4] A01_physics      -> ','            lock=120 iters=120 margin=0.05
  [O4] B01_napoleon     -> ','            lock=120 iters=120 margin=0.05
  [O4] C01_jack_jill    -> ','            lock=120 iters=120 margin=0.04
  [O4] F01_anger        -> ','            lock=120 iters=120 margin=0.04
  [O4] G01_punctuation  -> ','            lock=120 iters=120 margin=0.07
  [O4] E02_tech         -> ','            lock=120 iters=120 margin=0.04
  [O4] D02_periodic     -> ','            lock=120 iters=120 margin=0.06
  [O4] A02_medical      -> ','            lock=120 iters=120 margin=0.05
  [O4] B02_wwi          -> ','            lock=120 iters=120 margin=0.07
  [O4] C02_king_cole    -> ','            lock=120 iters=120 margin=0.04
  [O4] F02_insult       -> ','            lock=120 iters=120 margin=0.04
  [O4] G02_brackets     -> ','            lock=120 iters=120 margin=0.08
  [O4] E03_orgs         -> ','            lock=120 iters=120 margin=0.04
  [O4] D03_organic      -> ','            lock=120 iters=120 margin=0.09
  [O4] A03_neuro        -> ','            lock=120 iters=120 margin=0.05
  [O4] B03_moon         -> ','            lock=120 iters=120 margin=0.04
  [O4] C03_mary_lamb    -> ','            lock=120 iters=120 margin=0.05
  [O4] F03_frustration  -> ','            lock=120 iters=120 margin=0.05
  [O4] G03_counting     -> ','            lock=120 iters=120 margin=0.05
  [O4] E04_internet     -> ','            lock=120 iters=120 margin=0.08
  [O4] D04_equation     -> ','            lock=120 iters=120 margin=0.08
  [O4] A04_climate      -> ','            lock=120 iters=120 margin=0.05
  [O4] B04_rome         -> ','            lock=120 iters=120 margin=0.04

=== Arm O6: window 6->21 ===
  [O6] E01_politics     -> '\u200b'       lock=120 iters=120 margin=1.20
  [O6] D01_water        -> ' please'      lock=170 iters=170 margin=1.62
  [O6] A01_physics      -> '..'           lock=120 iters=120 margin=0.05
  [O6] B01_napoleon     -> '..'           lock=120 iters=120 margin=0.07
  [O6] C01_jack_jill    -> '\u200b'       lock=120 iters=120 margin=0.57
  [O6] F01_anger        -> '\u200b'       lock=120 iters=120 margin=0.36
  [O6] G01_punctuation  -> '\u200b'       lock=120 iters=120 margin=1.06
  [O6] E02_tech         -> '\u200b'       lock=120 iters=120 margin=0.21
  [O6] D02_periodic     -> '\u200b'       lock=120 iters=120 margin=1.27
  [O6] A02_medical      -> '..'           lock=120 iters=120 margin=0.34
  [O6] B02_wwi          -> '\u200b'       lock=120 iters=120 margin=0.91
  [O6] C02_king_cole    -> '\u200b'       lock=120 iters=120 margin=0.39
  [O6] F02_insult       -> '\u200b'       lock=120 iters=120 margin=0.55
  [O6] G02_brackets     -> '\u200b'       lock=120 iters=120 margin=0.30
  [O6] E03_orgs         -> '\u200b'       lock=120 iters=120 margin=0.16
  [O6] D03_organic      -> 'oooo'         lock=140 iters=140 margin=0.18
  [O6] A03_neuro        -> '..'           lock=120 iters=120 margin=0.03
  [O6] B03_moon         -> '\u200b'       lock=120 iters=120 margin=0.11
  [O6] C03_mary_lamb    -> '..'           lock=120 iters=120 margin=0.07
  [O6] F03_frustration  -> '..'           lock=120 iters=120 margin=0.05
  [O6] G03_counting     -> '..'           lock=120 iters=120 margin=0.09
  [O6] E04_internet     -> ' apologies'   lock=120 iters=120 margin=0.77
  [O6] D04_equation     -> ' apologies'   lock=120 iters=120 margin=0.60
  [O6] A04_climate      -> '..'           lock=120 iters=120 margin=0.46
  [O6] B04_rome         -> ' etc'         lock=120 iters=120 margin=0.03

=== Arm O8: window 8->21 ===
  [O8] E01_politics     -> ' halfway'     lock=120 iters=120 margin=0.88
  [O8] D01_water        -> ' halfway'     lock=120 iters=120 margin=0.78
  [O8] A01_physics      -> ' simultaneously' lock=120 iters=120 margin=3.70
  [O8] B01_napoleon     -> ' simultaneously' lock=120 iters=120 margin=4.11
  [O8] C01_jack_jill    -> ' simultaneously' lock=120 iters=120 margin=4.74
  [O8] F01_anger        -> ' simultaneously' lock=120 iters=120 margin=4.37
  [O8] G01_punctuation  -> ' halfway'     lock=120 iters=120 margin=0.87
  [O8] E02_tech         -> ' simultaneously' lock=120 iters=120 margin=5.10
  [O8] D02_periodic     -> ' simultaneously' lock=120 iters=120 margin=0.99
  [O8] A02_medical      -> ' simultaneously' lock=120 iters=120 margin=1.81
  [O8] B02_wwi          -> ' halfway'     lock=120 iters=120 margin=0.94
  [O8] C02_king_cole    -> ' simultaneously' lock=120 iters=120 margin=4.73
  [O8] F02_insult       -> ' simultaneously' lock=120 iters=120 margin=4.45
  [O8] G02_brackets     -> ' halfway'     lock=120 iters=120 margin=1.38
  [O8] E03_orgs         -> ' simultaneously' lock=120 iters=120 margin=4.37
  [O8] D03_organic      -> ' halfway'     lock=120 iters=120 margin=0.82
  [O8] A03_neuro        -> ' simultaneously' lock=120 iters=120 margin=3.73
  [O8] B03_moon         -> ' simultaneously' lock=120 iters=120 margin=4.46
  [O8] C03_mary_lamb    -> ' simultaneously' lock=120 iters=120 margin=3.24
  [O8] F03_frustration  -> ' simultaneously' lock=120 iters=120 margin=3.04
  [O8] G03_counting     -> ' simultaneously' lock=120 iters=120 margin=3.86
  [O8] E04_internet     -> ' halfway'     lock=120 iters=120 margin=1.11
  [O8] D04_equation     -> ' halfway'     lock=120 iters=120 margin=1.47
  [O8] A04_climate      -> ' simultaneously' lock=120 iters=120 margin=2.37
  [O8] B04_rome         -> ' simultaneously' lock=120 iters=120 margin=4.71

=== Arm O12: window 12->21 ===
  [O12] E01_politics     -> 'or'           lock=120 iters=120 margin=2.36
  [O12] D01_water        -> 'or'           lock=120 iters=120 margin=0.29
  [O12] A01_physics      -> ' £'           lock=120 iters=120 margin=0.37
  [O12] B01_napoleon     -> ' £'           lock=120 iters=120 margin=0.41
  [O12] C01_jack_jill    -> ' NHS'         lock=120 iters=120 margin=0.13
  [O12] F01_anger        -> ' NHS'         lock=120 iters=120 margin=0.15
  [O12] G01_punctuation  -> 'or'           lock=120 iters=120 margin=2.43
  [O12] E02_tech         -> ' NHS'         lock=120 iters=120 margin=0.39
  [O12] D02_periodic     -> 'or'           lock=120 iters=120 margin=2.04
  [O12] A02_medical      -> 'or'           lock=120 iters=120 margin=1.19
  [O12] B02_wwi          -> 'or'           lock=120 iters=120 margin=2.42
  [O12] C02_king_cole    -> ' NHS'         lock=120 iters=120 margin=0.18
  [O12] F02_insult       -> ' NHS'         lock=120 iters=120 margin=0.11
  [O12] G02_brackets     -> 'or'           lock=120 iters=120 margin=2.56
  [O12] E03_orgs         -> ' NHS'         lock=120 iters=120 margin=0.34
  [O12] D03_organic      -> 'or'           lock=120 iters=120 margin=0.00
  [O12] A03_neuro        -> ' £'           lock=120 iters=120 margin=0.29
  [O12] B03_moon         -> ' £'           lock=120 iters=120 margin=0.12
  [O12] C03_mary_lamb    -> ' £'           lock=120 iters=120 margin=0.20
  [O12] F03_frustration  -> ' £'           lock=120 iters=120 margin=0.32
  [O12] G03_counting     -> ' £'           lock=120 iters=120 margin=0.35
  [O12] E04_internet     -> 'or'           lock=120 iters=120 margin=1.32
  [O12] D04_equation     -> 'or'           lock=120 iters=120 margin=2.25
  [O12] A04_climate      -> 'or'           lock=120 iters=120 margin=1.15
  [O12] B04_rome         -> ' NHS'         lock=120 iters=120 margin=0.04

=== Arm O14: window 14->21 ===
  [O14] E01_politics     -> ' or'          lock=140 iters=140 margin=1.15
  [O14] D01_water        -> ' or'          lock=130 iters=130 margin=0.15
  [O14] A01_physics      -> '."'           lock=150 iters=150 margin=0.41
  [O14] B01_napoleon     -> ' or'          lock=150 iters=150 margin=0.22
  [O14] C01_jack_jill    -> ' or'          lock=150 iters=150 margin=0.34
  [O14] F01_anger        -> ' vs'          lock=150 iters=150 margin=0.00
  [O14] G01_punctuation  -> ' or'          lock=140 iters=140 margin=0.34
  [O14] E02_tech         -> ' or'          lock=150 iters=150 margin=2.09
  [O14] D02_periodic     -> '.)'           lock=220 iters=220 margin=0.19
  [O14] A02_medical      -> ' DES'         lock=230 iters=230 margin=0.60
  [O14] B02_wwi          -> ' or'          lock=140 iters=140 margin=0.53
  [O14] C02_king_cole    -> ' or'          lock=150 iters=150 margin=0.47
  [O14] F02_insult       -> ' or'          lock=150 iters=150 margin=0.17
  [O14] G02_brackets     -> '.'            lock=130 iters=130 margin=0.75
  [O14] E03_orgs         -> ' than'        lock=150 iters=150 margin=0.34
  [O14] D03_organic      -> ' or'          lock=130 iters=130 margin=0.40
  [O14] A03_neuro        -> '."'           lock=150 iters=150 margin=0.54
  [O14] B03_moon         -> ' or'          lock=150 iters=150 margin=0.77
  [O14] C03_mary_lamb    -> '."'           lock=150 iters=150 margin=0.27
  [O14] F03_frustration  -> ' or'          lock=150 iters=150 margin=0.61
  [O14] G03_counting     -> ' or'          lock=150 iters=150 margin=1.45
  [O14] E04_internet     -> ' or'          lock=130 iters=130 margin=0.30
  [O14] D04_equation     -> '.'            lock=130 iters=130 margin=0.53
  [O14] A04_climate      -> ' DES'         lock=230 iters=230 margin=0.89
  [O14] B04_rome         -> ' or'          lock=150 iters=150 margin=0.47

=== Summary (10103s) ===
  E22 10->22 converged 25/25 unique_terminals=7 [' Tak', ' and', ' honor', ' or', ' parts', ' until', '<|endoftext|>']
  E23 10->23 converged 25/25 unique_terminals=10 [' "', ' (', ' Uber', ' and', ' in', ' plate', ' self', ' until']
  O0  0->21 converged 25/25 unique_terminals=1 [',']
  O4  4->21 converged 25/25 unique_terminals=1 [',']
  O6  6->21 converged 25/25 unique_terminals=6 [' apologies', ' etc', ' please', '..', 'oooo', '\u200b']
  O8  8->21 converged 25/25 unique_terminals=2 [' halfway', ' simultaneously']
  O12 12->21 converged 25/25 unique_terminals=3 [' NHS', ' £', 'or']
  O14 14->21 converged 25/25 unique_terminals=7 [' DES', ' or', ' than', ' vs', '.', '."', '.)']

Artifacts: results_scan.json, terminals_scan.pt in /home/user/ATR_research/_STAGE2_JSPACE/experiments/exp_010c_windows/output
