base lens: {'n_prompts': 277, 'd_model': 768, 'source_layers': [0, 1, 2, 3, 4, 5, 6, 7, 8, 9, 10]}
twin lens: {'n_prompts': 5, 'd_model': 768, 'source_layers': [0, 1, 2, 3, 4, 5, 6, 7, 8, 9, 10]}
Warning: You are sending unauthenticated requests to the HF Hub. Please set a HF_TOKEN to enable higher rate limits and faster downloads.
Loading weights:   0%|          | 0/149 [00:00<?, ?it/s]Loading weights: 100%|██████████| 149/149 [00:00<00:00, 8573.19it/s]
/home/user/wt/exp017/_STAGE2_JSPACE/experiments/exp_017_lamini_twin/run_jspace.py:68: DeprecationWarning: HookedTransformer.from_pretrained is deprecated and will be removed in a future major release. Use TransformerBridge.boot_transformers(...) instead, then call enable_compatibility_mode() for HookedTransformer-equivalent numerics. See docs/source/content/migrating_to_v3.md.
  model = HookedTransformer.from_pretrained("gpt2", hf_model=hf, tokenizer=tok,
Loaded pretrained model gpt2 into HookedTransformer
twin: per-layer states read, rescale factor mean 0.269268
Loading weights:   0%|          | 0/148 [00:00<?, ?it/s]Loading weights: 100%|██████████| 148/148 [00:00<00:00, 2974.07it/s]
Loaded pretrained model gpt2 into HookedTransformer
base: per-layer states read, rescale factor mean 0.281368
lens diagnostics: {"0": {"base": {"frobenius_norm": 23.46354103088379}, "twin": {"frobenius_norm": 26.428678512573242}, "cosine_between_the_two_lenses": 0.8486043214797974}, "1": {"base": {"frobenius_norm": 28.265697479248047}, "twin": {"frobenius_norm": 32.49616241455078}, "cosine_between_the_two_lenses": 0.849738359451294}, "2": {"base": {"frobenius_norm": 31.89774513244629}, "twin": {"frobenius_norm": 37.006561279296875}, "cosine_between_the_two_lenses": 0.8598634600639343}, "3": {"base": {"frobenius_norm": 34.01523208618164}, "twin": {"frobenius_norm": 39.49934768676758}, "cosine_between_the_two_lenses": 0.8643743991851807}, "4": {"base": {"frobenius_norm": 37.34474563598633}, "twin": {"frobenius_norm": 42.26426315307617}, "cosine_between_the_two_lenses": 0.8756943941116333}, "5": {"base": {"frobenius_norm": 42.09891891479492}, "twin": {"frobenius_norm": 46.47050094604492}, "cosine_between_the_two_lenses": 0.8887251615524292}, "6": {"base": {"frobenius_norm": 43.92559051513672}, "twin": {"frobenius_norm": 46.82819366455078}, "cosine_between_the_two_lenses": 0.913083553314209}, "7": {"base": {"frobenius_norm": 44.60871887207031}, "twin": {"frobenius_norm": 47.32452392578125}, "cosine_between_the_two_lenses": 0.9335567951202393}, "8": {"base": {"frobenius_norm": 44.76261901855469}, "twin": {"frobenius_norm": 48.0378303527832}, "cosine_between_the_two_lenses": 0.953352153301239}, "9": {"base": {"frobenius_norm": 43.7777214050293}, "twin": {"frobenius_norm": 46.15377426147461}, "cosine_between_the_two_lenses": 0.9654483795166016}, "10": {"base": {"frobenius_norm": 47.43286895751953}, "twin": {"frobenius_norm": 49.11417770385742}, "cosine_between_the_two_lenses": 0.9822151064872742}}
  lens=base layer=0: twin real median 0.3962 base real median 0.3106 (8s)
  lens=base layer=1: twin real median 0.3842 base real median 0.3064 (8s)
  lens=base layer=2: twin real median 0.3124 base real median 0.2520 (7s)
  lens=base layer=3: twin real median 0.3031 base real median 0.2519 (7s)
  lens=base layer=4: twin real median 0.2939 base real median 0.2517 (7s)
  lens=base layer=5: twin real median 0.2903 base real median 0.2538 (8s)
  lens=base layer=6: twin real median 0.2931 base real median 0.2570 (8s)
  lens=base layer=7: twin real median 0.3028 base real median 0.2700 (7s)
  lens=base layer=8: twin real median 0.3113 base real median 0.2861 (8s)
  lens=base layer=9: twin real median 0.3323 base real median 0.2964 (7s)
  lens=base layer=10: twin real median 0.3115 base real median 0.2949 (8s)
  lens=twin layer=0: twin real median 0.3856 base real median 0.2907 (8s)
  lens=twin layer=1: twin real median 0.3765 base real median 0.2945 (8s)
  lens=twin layer=2: twin real median 0.3075 base real median 0.2455 (7s)
  lens=twin layer=3: twin real median 0.2966 base real median 0.2398 (8s)
  lens=twin layer=4: twin real median 0.2913 base real median 0.2460 (7s)
  lens=twin layer=5: twin real median 0.2862 base real median 0.2452 (8s)
  lens=twin layer=6: twin real median 0.2969 base real median 0.2584 (7s)
  lens=twin layer=7: twin real median 0.3036 base real median 0.2740 (8s)
  lens=twin layer=8: twin real median 0.3143 base real median 0.2846 (8s)
  lens=twin layer=9: twin real median 0.3312 base real median 0.3017 (8s)
  lens=twin layer=10: twin real median 0.3069 base real median 0.2949 (7s)

=== H18b: SUPPORTED (4/6 band layers meet both conditions: [6, 7, 8, 10]) ===
layer  twin     base     |diff|   ctrl spread  perm p   both
0      0.3856   0.3106   0.0749   0.0183       0.0001   True
1      0.3765   0.3064   0.0702   0.0430       0.0001   True
2      0.3075   0.2520   0.0554   0.0431       0.0001   True
3      0.2966   0.2519   0.0447   0.0308       0.0001   True
4      0.2913   0.2517   0.0395   0.0280       0.0001   True
5      0.2862   0.2538   0.0324   0.0335       0.0001   False  <- band
6      0.2969   0.2570   0.0400   0.0375       0.0001   True  <- band
7      0.3036   0.2700   0.0336   0.0277       0.0001   True  <- band
8      0.3143   0.2861   0.0282   0.0271       0.0001   True  <- band
9      0.3312   0.2964   0.0349   0.0357       0.0001   False  <- band
10     0.3069   0.2949   0.0121   0.0067       0.0001   True  <- band

Saved -> output/exp017_jspace_lens5.json (210s)
SENSITIVITY_DONE
