Loading weights:   0%|          | 0/148 [00:00<?, ?it/s]Loading weights: 100%|██████████| 148/148 [00:00<00:00, 13027.98it/s]
seed   0 shell 1800 -> gaming     [' i', ' player', ' Zerg', ' im', ' hero']
seed   1 shell 3700 -> socialist  [' solidarity', ' struggle', ' organizing', ' everyday', ' organising']
seed   2 shell 1800 -> divine     [' Divine', '【', ' Fairy', ' 「', '……']
seed   3 shell 3700 -> other      [' the', ' I', ' a', ' it', ' is']
seed   4 shell 1800 -> socialist  [' till', ' solidarity', ' agitation', ' BJP', ' Congress']
seed   5 shell 3700 -> socialist  [' solidarity', ' struggle', ' organizing', ' everyday', ' organising']
seed   6 shell 1800 -> socialist  [' till', ' solidarity', ' agitation', ' BJP', ' Congress']
seed   7 shell 3700 -> socialist  [' solidarity', ' struggle', ' organizing', ' everyday', ' organising']
seed   8 shell 1800 -> socialist  [' solidarity', ' struggle', ' anarchism', ' consciousness', ' organising']
seed   9 shell 3700 -> other      [' the', '\n', ' a', ',', ' of']
seed  10 shell 1800 -> socialist  [' till', ' solidarity', ' agitation', ' BJP', ' Congress']
seed  11 shell 3700 -> socialist  [' solidarity', ' struggle', ' organizing', ' everyday', ' organising']
seed  12 shell 1800 -> socialist  [' till', ' solidarity', ' agitation', ' BJP', ' Congress']
seed  13 shell 3700 -> socialist  [' solidarity', ' struggle', ' organizing', ' everyday', ' organising']
seed  14 shell 1800 -> gaming     [' i', ' player', ' Zerg', ' im', ' hero']
seed  15 shell 3700 -> other      [' the', ' a', '\n', ' I', ' to']
seed  16 shell 1800 -> gaming     [' i', ' player', ' Zerg', ' im', ' hero']
seed  17 shell 3700 -> socialist  [' solidarity', ' struggle', ' organizing', ' everyday', ' organising']
seed  18 shell 1800 -> socialist  [' solidarity', ' struggle', ' anarchism', ' consciousness', ' organising']
seed  19 shell 3700 -> other      [' the', '\n', ' a', ',', ' of']
seed  20 shell 1800 -> socialist  [' solidarity', ' struggle', ' anarchism', ' consciousness', ' organising']
seed  21 shell 3700 -> socialist  [' solidarity', ' struggle', ' organizing', ' everyday', ' organising']
seed  22 shell 1800 -> gaming     [' i', ' player', ' Zerg', ' im', ' hero']
seed  23 shell 3700 -> other      [' the', ' a', '\n', ' I', ',']
seed  24 shell 1800 -> socialist  [' solidarity', ' struggle', ' anarchism', ' consciousness', ' organising']
seed  25 shell 3700 -> socialist  [' solidarity', ' struggle', ' organizing', ' everyday', ' organising']
seed  26 shell 1800 -> other      [' Spells', ' spell', ' spells', ' sorcerer', ' arcane']
seed  27 shell 3700 -> socialist  [' solidarity', ' struggle', ' organizing', ' everyday', ' organising']
seed  28 shell 1800 -> socialist  [' solidarity', ' struggle', ' anarchism', ' consciousness', ' organising']
seed  29 shell 3700 -> socialist  [' solidarity', ' struggle', ' organizing', ' everyday', ' organising']
seed  30 shell 1800 -> socialist  [' solidarity', ' struggle', ' anarchism', ' consciousness', ' organising']
seed  31 shell 3700 -> socialist  [' solidarity', ' struggle', ' organizing', ' everyday', ' organising']
seed  32 shell 1800 -> socialist  [' solidarity', ' struggle', ' anarchism', ' consciousness', ' organising']
seed  33 shell 3700 -> socialist  [' solidarity', ' struggle', ' organizing', ' everyday', ' organising']
seed  34 shell 1800 -> socialist  [' solidarity', ' anarchism', ' struggle', ' consciousness', ' organising']
seed  35 shell 3700 -> socialist  [' solidarity', ' struggle', ' organizing', ' everyday', ' organising']
seed  36 shell 1800 -> gaming     [' i', ' player', ' Zerg', ' im', ' hero']
seed  37 shell 3700 -> socialist  [' solidarity', ' struggle', ' organizing', ' everyday', ' organising']
seed  38 shell 1800 -> socialist  [' solidarity', ' struggle', ' anarchism', ' consciousness', ' organising']
seed  39 shell 3700 -> socialist  [' solidarity', ' struggle', ' organizing', ' everyday', ' organising']

=== basin counts over 40 random seeds ===
   socialist   28/40
   other        6/40
   gaming       5/40
   divine       1/40
