Loading weights:   0%|          | 0/148 [00:00<?, ?it/s]Loading weights: 100%|██████████| 148/148 [00:00<00:00, 22167.52it/s]
Loading weights:   0%|          | 0/292 [00:00<?, ?it/s]Loading weights: 100%|██████████| 292/292 [00:00<00:00, 16226.19it/s]
models loaded in 17s
building maps ...
  anchor_ls       top1=0.577 median_rank=1
  anchor_ls_b     top1=0.576 median_rank=1
  procrustes      top1=0.932 median_rank=1
  readout_ls      top1=0.809 median_rank=1
  readout_proc    top1=0.963 median_rank=1
  logit_lstsq     top1=0.788 median_rank=1
  zeropad         top1=0.000 median_rank=24637
  randproj        top1=0.000 median_rank=25052
  logit_transfer  top1=0.992 median_rank=1
natural layer-0 per-token norm: small 5.41  medium 3.12

=== GATE: mapped state read out in MEDIUM's unembedding, no iteration ===

[Lucier] small: [' prolet', ' Anarch', ' bourgeois', ' Marx', ' comrade', ' proletarian', ' socialist', ' anarchist']   basin_rank 13
   anchor_ls       basin_rank  27124  ctrl  38341  hits  0/12  pos 0/15  logit_cos -0.098   [' challeng', ' warr', ' juven', ' mathemat', 'accompan', ' incent']
   anchor_ls_b     basin_rank  36640  ctrl  41666  hits  0/12  pos 0/15  logit_cos -0.006   [' Dise', ' Volunte', 'ヤ', ' trave', 'し', 'Translation']
   procrustes      basin_rank    377  ctrl  10389  hits  0/12  pos 0/15  logit_cos +0.787   [' the', ' position', ' of', ',', ' point', ' that']
   readout_ls      basin_rank    420  ctrl  12405  hits  0/12  pos 0/15  logit_cos +0.899   [' the', ',', ' in', ' of', ' to', ' and']
   readout_proc    basin_rank  14102  ctrl   7434  hits  0/12  pos 0/15  logit_cos +0.375   [' squared', ' incent', 'デ', ' agre', 'ィ', ' materially']
   logit_lstsq     basin_rank    277  ctrl  13256  hits  0/12  pos 0/15  logit_cos +0.907   [' the', ',', ' in', ' of', ' to', ' and']
   zeropad         basin_rank  38992  ctrl  18981  hits  0/12  pos 0/15  logit_cos -0.080   ['ZE', 'WARE', 'yden', 'RC', ' RAND', 'ary']
   randproj        basin_rank  18895  ctrl  21080  hits  0/12  pos 0/15  logit_cos +0.069   [' statewide', 'ileged', 'vable', 'naires', 'tn', 'fam']
   logit_transfer  basin_rank    269  ctrl  38254  hits  1/12  pos 15/15  logit_cos -0.124   [' mathemat', ' advoc', ' neighb', ' unden', ' nodd', ' challeng']
    readout_match fit: loss 5.580 logit_cos 0.8571
   readout_match   basin_rank     13  ctrl  19016  hits  9/12  pos 15/15  logit_cos +0.857   [' prolet', ' bourgeois', ' Anarch', ' Marx', ' comrade', ' proletarian']

[Semantic] small: [' prolet', ' bourgeois', ' Anarch', ' comrade', ' Marx', ' proletarian', ' socialist', ' anarchist']   basin_rank 11
   anchor_ls       basin_rank  27146  ctrl  38237  hits  0/12  pos 0/12  logit_cos -0.095   [' challeng', ' warr', ' juven', ' mathemat', ' incent', 'accompan']
   anchor_ls_b     basin_rank  36580  ctrl  41563  hits  0/12  pos 0/12  logit_cos -0.008   [' Dise', ' Volunte', 'し', 'ヤ', ' trave', 'Translation']
   procrustes      basin_rank    376  ctrl  11241  hits  0/12  pos 0/12  logit_cos +0.785   [' the', ' position', ' of', ',', ' that', ' necessary']
   readout_ls      basin_rank    388  ctrl  11665  hits  0/12  pos 0/12  logit_cos +0.899   [' the', ',', ' in', ' of', ' to', ' and']
   readout_proc    basin_rank  13536  ctrl   7274  hits  0/12  pos 0/12  logit_cos +0.380   [' squared', ' incent', 'デ', ' agre', 'ィ', ' materially']
   logit_lstsq     basin_rank    282  ctrl  12453  hits  0/12  pos 0/12  logit_cos +0.906   [' the', ',', ' in', ' of', ' to', ' and']
   zeropad         basin_rank  38527  ctrl  18617  hits  0/12  pos 0/12  logit_cos -0.074   ['WARE', 'ZE', 'yden', 'RC', 'ary', ' RAND']
   randproj        basin_rank  17245  ctrl  20776  hits  0/12  pos 0/12  logit_cos +0.064   [' statewide', 'vable', 'ileged', 'naires', 'fam', 'tn']
   logit_transfer  basin_rank    282  ctrl  38393  hits  1/12  pos 12/12  logit_cos -0.123   [' mathemat', ' prolet', ' advoc', ' neighb', ' unden', ' nodd']
    readout_match fit: loss 5.594 logit_cos 0.8537
   readout_match   basin_rank     12  ctrl  19167  hits 10/12  pos 12/12  logit_cos +0.854   [' prolet', ' bourgeois', ' Anarch', ' comrade', ' Marx', ' proletarian']

[Syntactic] small: [' Divine', '【', ' Fairy', ' Falling', '……', '―', ' 「', ' Elements']   basin_rank 22484
   anchor_ls       basin_rank  29867  ctrl  39621  hits  0/12  pos 0/10  logit_cos -0.095   [' challeng', 'accompan', ' juven', 'repre', ' warr', ' mathemat']
   anchor_ls_b     basin_rank  39391  ctrl  42610  hits  0/12  pos 0/10  logit_cos +0.168   [' Dise', ' Volunte', 'Recomm', 'Translation', 'WB', ' trave']
   procrustes      basin_rank  25593  ctrl  18001  hits  0/12  pos 0/10  logit_cos +0.748   [',', '.', ' to', ' in', '!', ' the']
   readout_ls      basin_rank  27791  ctrl  20746  hits  0/12  pos 0/10  logit_cos +0.865   [',', '\n', ' the', '.', ' to', ' in']
   readout_proc    basin_rank  24855  ctrl  11365  hits  0/12  pos 0/10  logit_cos +0.297   ['デ', 'ィ', ' squared', '////////////////', 'esis', ' Kits']
   logit_lstsq     basin_rank  26042  ctrl  22416  hits  0/12  pos 0/10  logit_cos +0.879   [',', '\n', '.', ' the', ' to', ' in']
   zeropad         basin_rank  38248  ctrl  28337  hits  0/12  pos 0/10  logit_cos +0.065   ['PORT', ' Dahl', 'Dep', 'RC', ' DX', 'ZE']
   randproj        basin_rank  15671  ctrl  28458  hits  0/12  pos 0/10  logit_cos -0.004   ['ierrez', 'itars', 'uthor', 'henko', 'anmar', 'irling']
   logit_transfer  basin_rank  29078  ctrl  44170  hits  0/12  pos 0/10  logit_cos -0.164   [' Divine', ' mathemat', ' destro', ' unden', ' sacrific', ' conclud']
    readout_match fit: loss 4.654 logit_cos 0.8345
   readout_match   basin_rank  24351  ctrl  37947  hits  0/12  pos 0/10  logit_cos +0.835   [' Divine', '【', ' Fairy', ' Falling', '……', '―']

[Nonsense] small: [' prolet', ' bourgeois', ' Anarch', ' comrade', ' Marx', ' proletarian', ' socialist', ' congress']   basin_rank 12
   anchor_ls       basin_rank  27144  ctrl  38261  hits  0/12  pos 0/11  logit_cos -0.096   [' challeng', ' warr', ' juven', ' mathemat', ' incent', 'accompan']
   anchor_ls_b     basin_rank  36590  ctrl  41595  hits  0/12  pos 0/11  logit_cos -0.008   [' Dise', ' Volunte', 'し', 'ヤ', ' trave', 'Translation']
   procrustes      basin_rank    373  ctrl  11032  hits  0/12  pos 0/11  logit_cos +0.786   [' the', ' position', ' of', ',', ' that', ' point']
   readout_ls      basin_rank    396  ctrl  11892  hits  0/12  pos 0/11  logit_cos +0.899   [' the', ',', ' in', ' of', ' to', ' and']
   readout_proc    basin_rank  13716  ctrl   7312  hits  0/12  pos 0/11  logit_cos +0.378   [' squared', ' incent', 'デ', ' agre', 'ィ', ' materially']
   logit_lstsq     basin_rank    281  ctrl  12684  hits  0/12  pos 0/11  logit_cos +0.906   [' the', ',', ' in', ' of', ' to', ' and']
   zeropad         basin_rank  38689  ctrl  18670  hits  0/12  pos 0/11  logit_cos -0.075   ['ZE', 'WARE', 'yden', 'RC', 'ary', ' RAND']
   randproj        basin_rank  17708  ctrl  20991  hits  0/12  pos 0/11  logit_cos +0.065   [' statewide', 'ileged', 'vable', 'naires', 'fam', 'tn']
   logit_transfer  basin_rank    275  ctrl  38514  hits  1/12  pos 11/11  logit_cos -0.124   [' mathemat', ' prolet', ' advoc', ' neighb', ' unden', ' nodd']
    readout_match fit: loss 5.587 logit_cos 0.8547
   readout_match   basin_rank     13  ctrl  20178  hits  9/12  pos 11/11  logit_cos +0.855   [' prolet', ' bourgeois', ' Anarch', ' comrade', ' Marx', ' proletarian']

[Imperative] small: [' prolet', ' bourgeois', ' Anarch', ' comrade', ' Marx', ' proletarian', ' socialist', ' congress']   basin_rank 12
   anchor_ls       basin_rank  27143  ctrl  38251  hits  0/12  pos 0/11  logit_cos -0.096   [' challeng', ' warr', ' juven', ' mathemat', ' incent', 'accompan']
   anchor_ls_b     basin_rank  36588  ctrl  41585  hits  0/12  pos 0/11  logit_cos -0.008   [' Dise', ' Volunte', 'し', 'ヤ', ' trave', 'Translation']
   procrustes      basin_rank    374  ctrl  11079  hits  0/12  pos 0/11  logit_cos +0.785   [' the', ' position', ' of', ',', ' that', ' point']
   readout_ls      basin_rank    394  ctrl  11853  hits  0/12  pos 0/11  logit_cos +0.899   [' the', ',', ' in', ' of', ' to', ' and']
   readout_proc    basin_rank  13668  ctrl   7303  hits  0/12  pos 0/11  logit_cos +0.378   [' squared', ' incent', 'デ', ' agre', 'ィ', ' materially']
   logit_lstsq     basin_rank    283  ctrl  12638  hits  0/12  pos 0/11  logit_cos +0.906   [' the', ',', ' in', ' of', ' to', ' and']
   zeropad         basin_rank  38653  ctrl  18650  hits  0/12  pos 0/11  logit_cos -0.075   ['WARE', 'ZE', 'yden', 'RC', 'ary', ' RAND']
   randproj        basin_rank  17607  ctrl  20958  hits  0/12  pos 0/11  logit_cos +0.065   [' statewide', 'ileged', 'vable', 'naires', 'fam', 'tn']
   logit_transfer  basin_rank    277  ctrl  38484  hits  1/12  pos 11/11  logit_cos -0.124   [' mathemat', ' prolet', ' advoc', ' neighb', ' unden', ' nodd']
    readout_match fit: loss 5.588 logit_cos 0.8527
   readout_match   basin_rank     12  ctrl  20933  hits 10/12  pos 11/11  logit_cos +0.853   [' prolet', ' bourgeois', ' Anarch', ' comrade', ' Marx', ' proletarian']

GATE VERDICT: {'anchor_ls': False, 'anchor_ls_b': False, 'procrustes': False, 'readout_ls': False, 'readout_proc': False, 'logit_lstsq': False, 'zeropad': False, 'randproj': False, 'logit_transfer': False, 'readout_match': True}

=== LOOP: 18 runs (passed maps: ['readout_match']), max 300 iters ===
[1/18] Lucier|readout_match|natural gate=PASS lock@None stop=max_iter@300 survived_to=0 (993s)
     it  0  basin     13  ctrl  19015  hits  9   [' prolet', ' bourgeois', ' Anarch', ' Marx', ' comrade', ' proletarian']
     it  1  basin    963  ctrl  29731  hits  1   ['information', 'existing', 'icals', 'notes', 'rates', ' organism']
     it  2  basin  37895  ctrl  33995  hits  0   [',', '.', '"', ' (', ' "', ' the']
     it  5  basin  36842  ctrl  38273  hits  0   ['A', 'S', 'H', 'I', 'If', 'An']
     it 10  basin  35474  ctrl  38271  hits  0   ['A', 'An', 'S', 'I', 'The', 'If']
     it 20  basin  26978  ctrl  40576  hits  0   ['The', '\n', 'This', '<|endoftext|>', '"', ' This']
     it 40  basin  40332  ctrl  36512  hits  0   [',', '.', '"', ' (', '(', ' and']
     it 80  basin  38392  ctrl  38363  hits  0   ['G', '19', 'S', 'D', '#', '1']
     it160  basin  40347  ctrl  36512  hits  0   [',', '.', '"', ' (', '(', ' and']
     it300  basin  35009  ctrl  44531  hits  0   ['This', 'The', 'It', 'But', 'They', 'You']
[2/18] Lucier|readout_match|conv_natural gate=PASS lock@None stop=max_iter@300 survived_to=0 (2008s)
     it  0  basin     13  ctrl  19016  hits  9   [' prolet', ' bourgeois', ' Anarch', ' Marx', ' comrade', ' proletarian']
     it  1  basin  32706  ctrl  25655  hits  0   ['than', 'ka', 'ought', 'ter', '1981', 'eno']
     it  2  basin  36817  ctrl  41729  hits  0   ['than', 'been', 'then', 'thank', 'I', 'you']
     it  5  basin  29669  ctrl  46285  hits  0   ['Engineers', 'Austral', 'Ide', 'advertisement', 'An', 'Equ']
     it 10  basin  30366  ctrl  45772  hits  0   ['advertisement', 'Ide', 'The', 'An', 'Ok', 'Engineers']
     it 20  basin  30484  ctrl  45791  hits  0   ['advertisement', 'Ide', 'Ok', 'Engineers', 'The', 'An']
     it 40  basin  30498  ctrl  45812  hits  0   ['advertisement', 'Ide', 'Engineers', 'Ok', 'An', 'The']
     it 80  basin  30498  ctrl  45812  hits  0   ['advertisement', 'Ide', 'Engineers', 'Ok', 'An', 'The']
     it160  basin  30498  ctrl  45812  hits  0   ['advertisement', 'Ide', 'Engineers', 'Ok', 'An', 'The']
     it300  basin  30498  ctrl  45812  hits  0   ['advertisement', 'Ide', 'Engineers', 'Ok', 'An', 'The']
[3/18] Lucier|readout_match|matched_ratio gate=PASS lock@21 stop=locked@40 survived_to=0 (2131s)
     it  0  basin     13  ctrl  19016  hits  9   [' prolet', ' bourgeois', ' Anarch', ' Marx', ' comrade', ' proletarian']
     it  1  basin    247  ctrl  13644  hits  0   [' the', ' of', ' that', '.', ',', ' in']
     it  2  basin    728  ctrl  13881  hits  0   [' the', ' of', ' that', ' necessary', ' existing', '.']
     it  5  basin  14593  ctrl  17791  hits  0   ['laws', 'national', 'law', 'ext', 'mar', 'full']
     it 10  basin  33307  ctrl  36963  hits  0   ['def', 'host', 'local', 'national', 'danger', 'creat']
     it 20  basin  38737  ctrl  40762  hits  0   ['D', 'def', 'A', 'T', 'W', 'local']
     it 40  basin  39213  ctrl  40699  hits  0   ['D', 'def', 'A', 'T', 'W', 'AB']
     it 80  basin  39213  ctrl  40699  hits  0   ['D', 'def', 'A', 'T', 'W', 'AB']
     it160  basin  39213  ctrl  40699  hits  0   ['D', 'def', 'A', 'T', 'W', 'AB']
     it300  basin  39213  ctrl  40699  hits  0   ['D', 'def', 'A', 'T', 'W', 'AB']
[4/18] Lucier|readout_match|matched_abs gate=PASS lock@34 stop=locked@40 survived_to=0 (2261s)
     it  0  basin     13  ctrl  19016  hits  9   [' prolet', ' bourgeois', ' Anarch', ' Marx', ' comrade', ' proletarian']
     it  1  basin    157  ctrl  15444  hits  0   [' the', ' of', ' that', ',', ' which', ' in']
     it  2  basin    276  ctrl  14884  hits  0   [' the', ' of', ' that', ' which', ' a', '.']
     it  5  basin   2129  ctrl  10508  hits  1   [' the', ' necessity', ' distinction', ' essence', ' of', ' reality']
     it 10  basin  20988  ctrl  20952  hits  0   ['laws', 'national', 'mar', 'law', 'local', 'host']
     it 20  basin  36974  ctrl  38357  hits  0   ['def', 'host', 'local', 'D', 'national', 'creat']
     it 40  basin  40168  ctrl  39178  hits  0   ['D', 'def', 'A', 'W', 'I', 'AB']
     it 80  basin  40168  ctrl  39178  hits  0   ['D', 'def', 'A', 'W', 'I', 'AB']
     it160  basin  40168  ctrl  39178  hits  0   ['D', 'def', 'A', 'W', 'I', 'AB']
     it300  basin  40168  ctrl  39178  hits  0   ['D', 'def', 'A', 'W', 'I', 'AB']
[5/18] Lucier|readout_match|x73 gate=PASS lock@41 stop=locked@41 survived_to=0 (2397s)
     it  0  basin     13  ctrl  19016  hits  9   [' prolet', ' bourgeois', ' Anarch', ' Marx', ' comrade', ' proletarian']
     it  1  basin    117  ctrl  16459  hits  1   [' the', ' of', ' that', ',', ' in', ' which']
     it  2  basin    170  ctrl  14763  hits  0   [' the', ' of', ' that', ' which', ' in', ',']
     it  5  basin    974  ctrl  13308  hits  0   [' the', ' of', ' necessity', ' that', ' existing', ' relations']
     it 10  basin  10022  ctrl   9030  hits  0   ['laws', 'mar', 'law', 'ext', 'existence', 'national']
     it 20  basin  29819  ctrl  32144  hits  0   ['host', 'def', 'national', 'local', 'creat', 'mar']
     it 40  basin  40005  ctrl  38731  hits  0   ['def', 'D', 'W', 'host', 'I', 'local']
     it 80  basin  40198  ctrl  38778  hits  0   ['def', 'D', 'W', 'I', 'host', 'A']
     it160  basin  40198  ctrl  38778  hits  0   ['def', 'D', 'W', 'I', 'host', 'A']
     it300  basin  40198  ctrl  38778  hits  0   ['def', 'D', 'W', 'I', 'host', 'A']
[6/18] Lucier|readout_match|x218 gate=PASS lock@None stop=readout_static@120 survived_to=1 (2796s)
     it  0  basin     13  ctrl  19016  hits  9   [' prolet', ' bourgeois', ' Anarch', ' Marx', ' comrade', ' proletarian']
     it  1  basin     47  ctrl  16920  hits  4   [' the', ' bourgeois', ' Marx', ' that', ',', ' of']
     it  2  basin     87  ctrl  17085  hits  0   [' the', ' that', ' of', ',', ' in', ' and']
     it  5  basin    237  ctrl  15886  hits  0   [' the', ' of', ' that', ' in', ' a', ',']
     it 10  basin    593  ctrl  15607  hits  0   [' the', ' of', ' that', ' existing', ' a', ' "']
     it 20  basin   5454  ctrl  12765  hits  1   [' of', ' substance', ' the', ' issue', ' union', ' distinction']
     it 40  basin  31417  ctrl  27126  hits  0   ['mar', 'rest', 'laws', 'Div', 'law', 'pl']
     it 80  basin  37055  ctrl  33511  hits  0   ['mat', 'rest', 'def', 'Div', 'host', 'pl']
     it160  basin  34184  ctrl  35765  hits  0   ['mat', 'rest', 'def', 'pl', 'Div', 'host']
     it300  basin  34184  ctrl  35765  hits  0   ['mat', 'rest', 'def', 'pl', 'Div', 'host']
[7/18] Semantic|readout_match|matched_abs gate=PASS lock@34 stop=locked@40 survived_to=0 (2928s)
     it  0  basin     12  ctrl  19167  hits 10   [' prolet', ' bourgeois', ' Anarch', ' comrade', ' Marx', ' proletarian']
     it  1  basin    159  ctrl  14597  hits  0   [' the', ' of', ' that', ' which', ' in', ',']
     it  2  basin    268  ctrl  14482  hits  0   [' the', ' of', ' that', ' which', ' a', ' such']
     it  5  basin   1682  ctrl   9632  hits  1   [' the', ' necessity', ' of', ' substance', ' distinction', ' reality']
     it 10  basin  20509  ctrl  20084  hits  0   ['laws', 'national', 'mar', 'law', 'local', 'host']
     it 20  basin  36890  ctrl  38286  hits  0   ['def', 'host', 'local', 'D', 'national', 'creat']
     it 40  basin  40159  ctrl  39182  hits  0   ['D', 'def', 'A', 'W', 'I', 'AB']
     it 80  basin  40159  ctrl  39182  hits  0   ['D', 'def', 'A', 'W', 'I', 'AB']
     it160  basin  40159  ctrl  39182  hits  0   ['D', 'def', 'A', 'W', 'I', 'AB']
     it300  basin  40159  ctrl  39182  hits  0   ['D', 'def', 'A', 'W', 'I', 'AB']
[8/18] Semantic|readout_match|x218 gate=PASS lock@139 stop=locked@139 survived_to=0 (3384s)
     it  0  basin     12  ctrl  19167  hits 10   [' prolet', ' bourgeois', ' Anarch', ' comrade', ' Marx', ' proletarian']
     it  1  basin     42  ctrl  16320  hits  2   [' the', ' of', ' bourgeois', ',', ' that', ' which']
     it  2  basin     87  ctrl  15941  hits  0   [' the', ' of', ' that', ',', ' in', ' which']
     it  5  basin    244  ctrl  15134  hits  0   [' the', ' of', ' that', ' a', ' in', ',']
     it 10  basin    566  ctrl  14602  hits  0   [' the', ' of', ' that', ' existing', ' a', ' such']
     it 20  basin   4234  ctrl  13594  hits  1   [' of', ' substance', ' the', ' issue', ' union', ' relations']
     it 40  basin  30938  ctrl  25891  hits  0   ['mar', 'laws', 'rest', 'law', 'Div', 'pl']
     it 80  basin  37135  ctrl  32580  hits  0   ['mat', 'def', 'rest', 'pl', 'host', 'Div']
     it160  basin  35915  ctrl  35257  hits  0   ['def', 'mat', 'rest', 'pl', 'host', 'w']
     it300  basin  35915  ctrl  35257  hits  0   ['def', 'mat', 'rest', 'pl', 'host', 'w']
[9/18] Nonsense|readout_match|matched_abs gate=PASS lock@35 stop=locked@40 survived_to=0 (3516s)
     it  0  basin     13  ctrl  20178  hits  9   [' prolet', ' bourgeois', ' Anarch', ' comrade', ' Marx', ' proletarian']
     it  1  basin    156  ctrl  15092  hits  0   [' the', ' of', ' that', ' which', ',', ' in']
     it  2  basin    254  ctrl  14502  hits  0   [' the', ' of', ' that', ' which', ' a', ' in']
     it  5  basin   1752  ctrl   9087  hits  1   [' the', ' necessity', ' of', ' distinction', ' substance', ' reality']
     it 10  basin  20714  ctrl  19955  hits  0   ['laws', 'national', 'mar', 'law', 'local', 'host']
     it 20  basin  36807  ctrl  38304  hits  0   ['def', 'host', 'local', 'D', 'national', 'creat']
     it 40  basin  40159  ctrl  39181  hits  0   ['D', 'def', 'A', 'W', 'I', 'AB']
     it 80  basin  40159  ctrl  39181  hits  0   ['D', 'def', 'A', 'W', 'I', 'AB']
     it160  basin  40159  ctrl  39181  hits  0   ['D', 'def', 'A', 'W', 'I', 'AB']
     it300  basin  40159  ctrl  39181  hits  0   ['D', 'def', 'A', 'W', 'I', 'AB']
[10/18] Nonsense|readout_match|x218 gate=PASS lock@None stop=readout_static@136 survived_to=1 (3976s)
     it  0  basin     13  ctrl  20178  hits  9   [' prolet', ' bourgeois', ' Anarch', ' comrade', ' Marx', ' proletarian']
     it  1  basin     42  ctrl  16993  hits  3   [' the', ' of', ',', ' that', ' bourgeois', ' which']
     it  2  basin     90  ctrl  16109  hits  0   [' the', ' of', ' that', ',', ' in', ' which']
     it  5  basin    245  ctrl  15501  hits  0   [' the', ' of', ' that', ' a', ' in', ',']
     it 10  basin    545  ctrl  14381  hits  0   [' the', ' of', ' that', ' a', ' existing', ' which']
     it 20  basin   4184  ctrl  12149  hits  1   [' of', ' the', ' substance', ' issue', ' union', ' relations']
     it 40  basin  30092  ctrl  25797  hits  0   ['mar', 'laws', 'rest', 'law', 'Div', 'pl']
     it 80  basin  36651  ctrl  32677  hits  0   ['mat', 'def', 'pl', 'host', 'rest', 'Div']
     it160  basin  36451  ctrl  35124  hits  0   ['def', 'mat', 'pl', 'rest', 'w', 'host']
     it300  basin  36451  ctrl  35124  hits  0   ['def', 'mat', 'pl', 'rest', 'w', 'host']
[11/18] Imperative|readout_match|matched_abs gate=PASS lock@35 stop=locked@40 survived_to=0 (4109s)
     it  0  basin     12  ctrl  20933  hits 10   [' prolet', ' bourgeois', ' Anarch', ' comrade', ' Marx', ' proletarian']
     it  1  basin    154  ctrl  15681  hits  0   [' the', ' of', ' that', ' which', ',', ' in']
     it  2  basin    253  ctrl  14691  hits  0   [' the', ' of', ' that', ' which', ' a', ' in']
     it  5  basin   1771  ctrl   9145  hits  1   [' the', ' necessity', ' of', ' distinction', ' substance', ' reality']
     it 10  basin  20498  ctrl  19629  hits  0   ['laws', 'national', 'law', 'mar', 'local', 'host']
     it 20  basin  36808  ctrl  38301  hits  0   ['def', 'host', 'local', 'D', 'national', 'creat']
     it 40  basin  40158  ctrl  39182  hits  0   ['D', 'def', 'A', 'W', 'I', 'AB']
     it 80  basin  40158  ctrl  39182  hits  0   ['D', 'def', 'A', 'W', 'I', 'AB']
     it160  basin  40158  ctrl  39182  hits  0   ['D', 'def', 'A', 'W', 'I', 'AB']
     it300  basin  40158  ctrl  39182  hits  0   ['D', 'def', 'A', 'W', 'I', 'AB']
[12/18] Imperative|readout_match|x218 gate=PASS lock@126 stop=locked@126 survived_to=1 (4533s)
     it  0  basin     12  ctrl  20933  hits 10   [' prolet', ' bourgeois', ' Anarch', ' comrade', ' Marx', ' proletarian']
     it  1  basin     42  ctrl  17576  hits  3   [' the', ' of', ',', ' that', ' bourgeois', ' which']
     it  2  basin     88  ctrl  16525  hits  0   [' the', ' of', ' that', ',', ' in', ' which']
     it  5  basin    238  ctrl  15566  hits  0   [' the', ' of', ' that', ' a', ' in', ',']
     it 10  basin    535  ctrl  14334  hits  0   [' the', ' of', ' that', ' a', ' existing', ' relations']
     it 20  basin   4159  ctrl  11753  hits  1   [' of', ' the', ' substance', ' issue', ' union', ' relations']
     it 40  basin  29629  ctrl  25184  hits  0   ['mar', 'laws', 'rest', 'law', 'Div', 'national']
     it 80  basin  36413  ctrl  32704  hits  0   ['mat', 'def', 'pl', 'host', 'rest', 'Div']
     it160  basin  36463  ctrl  34540  hits  0   ['def', 'mat', 'pl', 'rest', 'host', 'w']
     it300  basin  36463  ctrl  34540  hits  0   ['def', 'mat', 'pl', 'rest', 'host', 'w']
[13/18] Syntactic|readout_match|matched_abs gate=PASS lock@24 stop=locked@40 survived_to=0 (4664s)
     it  0  basin  24351  ctrl  37947  hits  0   [' Divine', '【', ' Fairy', ' Falling', '……', '―']
     it  1  basin  22925  ctrl  33993  hits  0   ['.', ',', '\n', ' the', '!', '~']
     it  2  basin  21130  ctrl  31243  hits  0   ['.', ',', '\n', ' of', ' the', ' and']
     it  5  basin  30321  ctrl  28933  hits  0   ['.', ' of', '~', '\n', '#', '"']
     it 10  basin  37131  ctrl  39043  hits  0   ['local', 'D', 'def', 'creat', 'I', 'national']
     it 20  basin  39564  ctrl  39368  hits  0   ['D', 'def', 'A', 'W', 'I', 'local']
     it 40  basin  40312  ctrl  39137  hits  0   ['D', 'A', 'def', 'W', 'I', 'AB']
     it 80  basin  40312  ctrl  39137  hits  0   ['D', 'A', 'def', 'W', 'I', 'AB']
     it160  basin  40312  ctrl  39137  hits  0   ['D', 'A', 'def', 'W', 'I', 'AB']
     it300  basin  40312  ctrl  39137  hits  0   ['D', 'A', 'def', 'W', 'I', 'AB']
[14/18] Syntactic|readout_match|x218 gate=PASS lock@71 stop=locked@71 survived_to=0 (4885s)
     it  0  basin  24351  ctrl  37947  hits  0   [' Divine', '【', ' Fairy', ' Falling', '……', '―']
     it  1  basin  21871  ctrl  35253  hits  0   [' Divine', ',', '.', '―', '\n', '……']
     it  2  basin  21349  ctrl  33552  hits  0   [',', '.', '\n', ' the', ' to', '―']
     it  5  basin  21101  ctrl  29608  hits  0   ['.', ',', ' the', '\n', ' and', ' of']
     it 10  basin  19460  ctrl  23593  hits  0   ['.', ' of', ',', ' the', '?', '\n']
     it 20  basin  33398  ctrl  18796  hits  0   ['s', 'st', 'mar', ' of', '-', '"']
     it 40  basin  35986  ctrl  36475  hits  0   ['def', 'Mon', 'w', 'mar', 'rest', 'st']
     it 80  basin  40472  ctrl  36354  hits  0   ['def', 'Def', 'Div', 'Tr', 'w', 'host']
     it160  basin  40472  ctrl  36354  hits  0   ['def', 'Def', 'Div', 'Tr', 'w', 'host']
     it300  basin  40472  ctrl  36354  hits  0   ['def', 'Def', 'Div', 'Tr', 'w', 'host']
[15/18] Lucier|procrustes|matched_abs gate=FAIL lock@31 stop=locked@40 survived_to=0 (5019s)
     it  0  basin    377  ctrl  10389  hits  0   [' the', ' position', ' of', ',', ' point', ' that']
     it  1  basin    660  ctrl  10582  hits  0   [' the', ',', ' of', '.', ' and', ' in']
     it  2  basin    778  ctrl  10847  hits  0   [' of', ' the', ',', '.', ' and', ' that']
     it  5  basin   2342  ctrl   8695  hits  1   [' of', ' essence', 'full', ' the', ' necessity', '.']
     it 10  basin  21455  ctrl  23911  hits  0   ['national', 'laws', 'mar', 'gun', 'host', 'local']
     it 20  basin  37162  ctrl  38705  hits  0   ['def', 'host', 'local', 'D', 'national', 'w']
     it 40  basin  40247  ctrl  39144  hits  0   ['D', 'def', 'A', 'W', 'I', 'AB']
     it 80  basin  40247  ctrl  39144  hits  0   ['D', 'def', 'A', 'W', 'I', 'AB']
     it160  basin  40247  ctrl  39144  hits  0   ['D', 'def', 'A', 'W', 'I', 'AB']
     it300  basin  40247  ctrl  39144  hits  0   ['D', 'def', 'A', 'W', 'I', 'AB']
[16/18] Lucier|procrustes|x218 gate=FAIL lock@103 stop=locked@103 survived_to=0 (5363s)
     it  0  basin    377  ctrl  10389  hits  0   [' the', ' position', ' of', ',', ' point', ' that']
     it  1  basin    518  ctrl  10495  hits  0   [' the', ',', ' of', ' that', ' in', '.']
     it  2  basin    632  ctrl   9612  hits  0   [' the', ',', ' of', ' in', ' that', '.']
     it  5  basin    974  ctrl  11528  hits  0   [' the', ',', ' of', ' and', '.', ' in']
     it 10  basin   2073  ctrl  10056  hits  0   [' of', ' the', '.', ' and', ',', ' that']
     it 20  basin   8190  ctrl   9396  hits  1   [' of', ' issue', ' union', '-', ' essence', ' substance']
     it 40  basin  30351  ctrl  28415  hits  0   ['rest', 'mar', 'host', 'def', 'gun', 'national']
     it 80  basin  39250  ctrl  35186  hits  0   ['def', 'Div', 'host', 'Def', 'mat', 'w']
     it160  basin  38697  ctrl  35350  hits  0   ['def', 'w', 'host', 'Def', 'pl', 'Div']
     it300  basin  38697  ctrl  35350  hits  0   ['def', 'w', 'host', 'Def', 'pl', 'Div']
[17/18] Lucier|logit_lstsq|matched_abs gate=FAIL lock@30 stop=locked@40 survived_to=0 (5498s)
     it  0  basin    277  ctrl  13256  hits  0   [' the', ',', ' in', ' of', ' to', ' and']
     it  1  basin    208  ctrl  16332  hits  0   [' the', ' of', ' that', ' in', ',', ' and']
     it  2  basin    422  ctrl  14964  hits  0   [' the', ' of', ' that', ' in', '.', ' further']
     it  5  basin   3658  ctrl   8379  hits  1   [' the', ' of', ' that', ' my', ' state', ' an']
     it 10  basin  24731  ctrl  24597  hits  0   ['local', 'national', 'mar', 'def', 'class', 'host']
     it 20  basin  37505  ctrl  38511  hits  0   ['def', 'local', 'host', 'D', 'national', 'W']
     it 40  basin  40241  ctrl  39154  hits  0   ['D', 'def', 'A', 'W', 'I', 'AB']
     it 80  basin  40241  ctrl  39154  hits  0   ['D', 'def', 'A', 'W', 'I', 'AB']
     it160  basin  40241  ctrl  39154  hits  0   ['D', 'def', 'A', 'W', 'I', 'AB']
     it300  basin  40241  ctrl  39154  hits  0   ['D', 'def', 'A', 'W', 'I', 'AB']
[18/18] Lucier|logit_lstsq|x218 gate=FAIL lock@83 stop=locked@83 survived_to=0 (5775s)
     it  0  basin    277  ctrl  13256  hits  0   [' the', ',', ' in', ' of', ' to', ' and']
     it  1  basin    290  ctrl  12324  hits  0   [' the', ' of', ',', ' in', ' that', ' to']
     it  2  basin    333  ctrl  13124  hits  0   [' the', ' of', ',', ' in', ' that', ' to']
     it  5  basin    452  ctrl  14098  hits  0   [' the', ' of', ' that', ' in', ',', ' to']
     it 10  basin   1363  ctrl  11240  hits  0   [' the', ' of', ' that', ' in', ' further', '.']
     it 20  basin   7438  ctrl   8513  hits  1   [' the', ' of', ' state', ' that', ' my', ' union']
     it 40  basin  29027  ctrl  28165  hits  0   ['rest', 'mar', 'def', 'national', 'st', 'host']
     it 80  basin  39844  ctrl  35235  hits  0   ['def', 'Div', 'host', 'Def', 'w', 'mat']
     it160  basin  39764  ctrl  35278  hits  0   ['def', 'Div', 'Def', 'host', 'w', 'mat']
     it300  basin  39764  ctrl  35278  hits  0   ['def', 'Div', 'Def', 'host', 'w', 'mat']

written /home/user/ATR_research/_STAGE1_REANALYSIS/crossmodel_seed.json
